2025-11-09T19:22:48.2357639Z Current runner version: '2.329.0'
2025-11-09T19:22:48.2380388Z ##[group]Runner Image Provisioner
2025-11-09T19:22:48.2381163Z Hosted Compute Agent
2025-11-09T19:22:48.2381666Z Version: 20251016.436
2025-11-09T19:22:48.2382365Z Commit: 8ab8ac8bfd662a3739dab9fe09456aba92132568
2025-11-09T19:22:48.2383094Z Build Date: 2025-10-15T20:44:12Z
2025-11-09T19:22:48.2383630Z ##[endgroup]
2025-11-09T19:22:48.2384249Z ##[group]Operating System
2025-11-09T19:22:48.2384778Z Ubuntu
2025-11-09T19:22:48.2385293Z 24.04.3
2025-11-09T19:22:48.2385739Z LTS
2025-11-09T19:22:48.2386226Z ##[endgroup]
2025-11-09T19:22:48.2386667Z ##[group]Runner Image
2025-11-09T19:22:48.2387267Z Image: ubuntu-24.04
2025-11-09T19:22:48.2387774Z Version: 20251102.99.1
2025-11-09T19:22:48.2388723Z Included Software: https://github.com/actions/runner-images/blob/ubuntu24/20251102.99/images/ubuntu/Ubuntu2404-Readme.md
2025-11-09T19:22:48.2390439Z Image Release: https://github.com/actions/runner-images/releases/tag/ubuntu24%2F20251102.99
2025-11-09T19:22:48.2391471Z ##[endgroup]
2025-11-09T19:22:48.2393811Z ##[group]GITHUB_TOKEN Permissions
2025-11-09T19:22:48.2395758Z Actions: write
2025-11-09T19:22:48.2396300Z Attestations: write
2025-11-09T19:22:48.2396865Z Checks: write
2025-11-09T19:22:48.2397393Z Contents: write
2025-11-09T19:22:48.2397881Z Deployments: write
2025-11-09T19:22:48.2398393Z Discussions: write
2025-11-09T19:22:48.2398854Z Issues: write
2025-11-09T19:22:48.2399407Z Metadata: read
2025-11-09T19:22:48.2400220Z Models: read
2025-11-09T19:22:48.2400719Z Packages: write
2025-11-09T19:22:48.2401274Z Pages: write
2025-11-09T19:22:48.2401819Z PullRequests: write
2025-11-09T19:22:48.2402326Z RepositoryProjects: write
2025-11-09T19:22:48.2402941Z SecurityEvents: write
2025-11-09T19:22:48.2403602Z Statuses: write
2025-11-09T19:22:48.2404064Z ##[endgroup]
2025-11-09T19:22:48.2406785Z Secret source: Actions
2025-11-09T19:22:48.2407813Z Prepare workflow directory
2025-11-09T19:22:48.2719570Z Prepare all required actions
2025-11-09T19:22:48.2757260Z Getting action download info
2025-11-09T19:22:48.5646970Z Download action repository 'actions/checkout@v4' (SHA:08eba0b27e820071cde6df949e0beb9ba4906955)
2025-11-09T19:22:48.6664977Z Download action repository 'actions/setup-python@v5' (SHA:a26af69be951a213d495a4c3e4e4022e16d87065)
2025-11-09T19:22:48.8256655Z Complete job name: build (examples/baremetal-hello)
2025-11-09T19:22:48.8936632Z ##[group]Run actions/checkout@v4
2025-11-09T19:22:48.8937433Z with:
2025-11-09T19:22:48.8937814Z   submodules: recursive
2025-11-09T19:22:48.8938278Z   repository: sfo2001/platform-linux_arm
2025-11-09T19:22:48.8938940Z   token: ***
2025-11-09T19:22:48.8939312Z   ssh-strict: true
2025-11-09T19:22:48.8939862Z   ssh-user: git
2025-11-09T19:22:48.8940280Z   persist-credentials: true
2025-11-09T19:22:48.8940718Z   clean: true
2025-11-09T19:22:48.8941118Z   sparse-checkout-cone-mode: true
2025-11-09T19:22:48.8941586Z   fetch-depth: 1
2025-11-09T19:22:48.8941982Z   fetch-tags: false
2025-11-09T19:22:48.8942371Z   show-progress: true
2025-11-09T19:22:48.8942787Z   lfs: false
2025-11-09T19:22:48.8943166Z   set-safe-directory: true
2025-11-09T19:22:48.8943825Z ##[endgroup]
2025-11-09T19:22:48.9995232Z Syncing repository: sfo2001/platform-linux_arm
2025-11-09T19:22:48.9996894Z ##[group]Getting Git version info
2025-11-09T19:22:48.9997728Z Working directory is '/home/runner/work/platform-linux_arm/platform-linux_arm'
2025-11-09T19:22:48.9998759Z [command]/usr/bin/git version
2025-11-09T19:22:49.0062806Z git version 2.51.2
2025-11-09T19:22:49.0088075Z ##[endgroup]
2025-11-09T19:22:49.0108089Z Temporarily overriding HOME='/home/runner/work/_temp/bb120288-7dd0-4379-bdf0-7aa476689d16' before making global git config changes
2025-11-09T19:22:49.0109530Z Adding repository directory to the temporary git global config as a safe directory
2025-11-09T19:22:49.0113655Z [command]/usr/bin/git config --global --add safe.directory /home/runner/work/platform-linux_arm/platform-linux_arm
2025-11-09T19:22:49.0149250Z Deleting the contents of '/home/runner/work/platform-linux_arm/platform-linux_arm'
2025-11-09T19:22:49.0152952Z ##[group]Initializing the repository
2025-11-09T19:22:49.0157994Z [command]/usr/bin/git init /home/runner/work/platform-linux_arm/platform-linux_arm
2025-11-09T19:22:49.0247162Z hint: Using 'master' as the name for the initial branch. This default branch name
2025-11-09T19:22:49.0248463Z hint: is subject to change. To configure the initial branch name to use in all
2025-11-09T19:22:49.0249379Z hint: of your new repositories, which will suppress this warning, call:
2025-11-09T19:22:49.0250748Z hint:
2025-11-09T19:22:49.0251295Z hint: 	git config --global init.defaultBranch <name>
2025-11-09T19:22:49.0251968Z hint:
2025-11-09T19:22:49.0252930Z hint: Names commonly chosen instead of 'master' are 'main', 'trunk' and
2025-11-09T19:22:49.0254528Z hint: 'development'. The just-created branch can be renamed via this command:
2025-11-09T19:22:49.0255798Z hint:
2025-11-09T19:22:49.0256509Z hint: 	git branch -m <name>
2025-11-09T19:22:49.0257315Z hint:
2025-11-09T19:22:49.0258350Z hint: Disable this message with "git config set advice.defaultBranchName false"
2025-11-09T19:22:49.0260420Z Initialized empty Git repository in /home/runner/work/platform-linux_arm/platform-linux_arm/.git/
2025-11-09T19:22:49.0263953Z [command]/usr/bin/git remote add origin https://github.com/sfo2001/platform-linux_arm
2025-11-09T19:22:49.0295972Z ##[endgroup]
2025-11-09T19:22:49.0297145Z ##[group]Disabling automatic garbage collection
2025-11-09T19:22:49.0300921Z [command]/usr/bin/git config --local gc.auto 0
2025-11-09T19:22:49.0328612Z ##[endgroup]
2025-11-09T19:22:49.0330036Z ##[group]Setting up auth
2025-11-09T19:22:49.0335966Z [command]/usr/bin/git config --local --name-only --get-regexp core\.sshCommand
2025-11-09T19:22:49.0365921Z [command]/usr/bin/git submodule foreach --recursive sh -c "git config --local --name-only --get-regexp 'core\.sshCommand' && git config --local --unset-all 'core.sshCommand' || :"
2025-11-09T19:22:49.0668721Z [command]/usr/bin/git config --local --name-only --get-regexp http\.https\:\/\/github\.com\/\.extraheader
2025-11-09T19:22:49.0698493Z [command]/usr/bin/git submodule foreach --recursive sh -c "git config --local --name-only --get-regexp 'http\.https\:\/\/github\.com\/\.extraheader' && git config --local --unset-all 'http.https://github.com/.extraheader' || :"
2025-11-09T19:22:49.0917229Z [command]/usr/bin/git config --local http.https://github.com/.extraheader AUTHORIZATION: basic ***
2025-11-09T19:22:49.0956853Z ##[endgroup]
2025-11-09T19:22:49.0957695Z ##[group]Fetching the repository
2025-11-09T19:22:49.0965335Z [command]/usr/bin/git -c protocol.version=2 fetch --no-tags --prune --no-recurse-submodules --depth=1 origin +a02eeb51778313de058af2a25af1eed04cb80cd0:refs/remotes/origin/develop
2025-11-09T19:22:49.2765816Z From https://github.com/sfo2001/platform-linux_arm
2025-11-09T19:22:49.2767736Z  * [new ref]         a02eeb51778313de058af2a25af1eed04cb80cd0 -> origin/develop
2025-11-09T19:22:49.2790083Z ##[endgroup]
2025-11-09T19:22:49.2791566Z ##[group]Determining the checkout info
2025-11-09T19:22:49.2793243Z ##[endgroup]
2025-11-09T19:22:49.2798286Z [command]/usr/bin/git sparse-checkout disable
2025-11-09T19:22:49.2839929Z [command]/usr/bin/git config --local --unset-all extensions.worktreeConfig
2025-11-09T19:22:49.2871466Z ##[group]Checking out the ref
2025-11-09T19:22:49.2872358Z [command]/usr/bin/git checkout --progress --force -B develop refs/remotes/origin/develop
2025-11-09T19:22:49.2997889Z Switched to a new branch 'develop'
2025-11-09T19:22:49.3000972Z branch 'develop' set up to track 'origin/develop'.
2025-11-09T19:22:49.3006492Z ##[endgroup]
2025-11-09T19:22:49.3007250Z ##[group]Setting up auth for fetching submodules
2025-11-09T19:22:49.3011435Z [command]/usr/bin/git config --global http.https://github.com/.extraheader AUTHORIZATION: basic ***
2025-11-09T19:22:49.3046029Z [command]/usr/bin/git config --global --unset-all url.https://github.com/.insteadOf
2025-11-09T19:22:49.3074575Z [command]/usr/bin/git config --global --add url.https://github.com/.insteadOf git@github.com:
2025-11-09T19:22:49.3104254Z [command]/usr/bin/git config --global --add url.https://github.com/.insteadOf org-103369858@github.com:
2025-11-09T19:22:49.3130617Z ##[endgroup]
2025-11-09T19:22:49.3132038Z ##[group]Fetching submodules
2025-11-09T19:22:49.3133670Z [command]/usr/bin/git submodule sync --recursive
2025-11-09T19:22:49.3357144Z [command]/usr/bin/git -c protocol.version=2 submodule update --init --force --depth=1 --recursive
2025-11-09T19:22:49.3573679Z [command]/usr/bin/git submodule foreach --recursive git config --local gc.auto 0
2025-11-09T19:22:49.3783484Z ##[endgroup]
2025-11-09T19:22:49.3784266Z ##[group]Persisting credentials for submodules
2025-11-09T19:22:49.3788800Z [command]/usr/bin/git submodule foreach --recursive sh -c "git config --local --name-only --get-regexp 'url\.https\:\/\/github\.com\/\.insteadOf' && git config --local --unset-all 'url.https://github.com/.insteadOf' || :"
2025-11-09T19:22:49.4000038Z [command]/usr/bin/git submodule foreach --recursive sh -c "git config --local 'http.https://github.com/.extraheader' 'AUTHORIZATION: basic ***' && git config --local --show-origin --name-only --get-regexp remote.origin.url"
2025-11-09T19:22:49.4214463Z [command]/usr/bin/git submodule foreach --recursive git config --local --add 'url.https://github.com/.insteadOf' 'git@github.com:'
2025-11-09T19:22:49.4428195Z [command]/usr/bin/git submodule foreach --recursive git config --local --add 'url.https://github.com/.insteadOf' 'org-103369858@github.com:'
2025-11-09T19:22:49.4638217Z ##[endgroup]
2025-11-09T19:22:49.4672937Z [command]/usr/bin/git log -1 --format=%H
2025-11-09T19:22:49.4693873Z a02eeb51778313de058af2a25af1eed04cb80cd0
2025-11-09T19:22:49.4918910Z ##[group]Run actions/setup-python@v5
2025-11-09T19:22:49.4919493Z with:
2025-11-09T19:22:49.4920140Z   python-version: 3.11
2025-11-09T19:22:49.4920594Z   check-latest: false
2025-11-09T19:22:49.4921182Z   token: ***
2025-11-09T19:22:49.4921581Z   update-environment: true
2025-11-09T19:22:49.4922075Z   allow-prereleases: false
2025-11-09T19:22:49.4922533Z   freethreaded: false
2025-11-09T19:22:49.4922960Z ##[endgroup]
2025-11-09T19:22:49.6747753Z ##[group]Installed versions
2025-11-09T19:22:49.6846484Z Successfully set up CPython (3.11.14)
2025-11-09T19:22:49.6848437Z ##[endgroup]
2025-11-09T19:22:49.6987184Z ##[group]Run sudo apt-get update
2025-11-09T19:22:49.6988601Z [36;1msudo apt-get update[0m
2025-11-09T19:22:49.6990127Z [36;1msudo apt-get install -y \[0m
2025-11-09T19:22:49.6991754Z [36;1m  gcc-arm-linux-gnueabihf g++-arm-linux-gnueabihf \[0m
2025-11-09T19:22:49.6993562Z [36;1m  gcc-aarch64-linux-gnu g++-aarch64-linux-gnu[0m
2025-11-09T19:22:49.7043406Z shell: /usr/bin/bash -e {0}
2025-11-09T19:22:49.7044636Z env:
2025-11-09T19:22:49.7045860Z   pythonLocation: /opt/hostedtoolcache/Python/3.11.14/x64
2025-11-09T19:22:49.7047959Z   PKG_CONFIG_PATH: /opt/hostedtoolcache/Python/3.11.14/x64/lib/pkgconfig
2025-11-09T19:22:49.7050190Z   Python_ROOT_DIR: /opt/hostedtoolcache/Python/3.11.14/x64
2025-11-09T19:22:49.7052056Z   Python2_ROOT_DIR: /opt/hostedtoolcache/Python/3.11.14/x64
2025-11-09T19:22:49.7053850Z   Python3_ROOT_DIR: /opt/hostedtoolcache/Python/3.11.14/x64
2025-11-09T19:22:49.7055616Z   LD_LIBRARY_PATH: /opt/hostedtoolcache/Python/3.11.14/x64/lib
2025-11-09T19:22:49.7057152Z ##[endgroup]
2025-11-09T19:22:49.7807522Z Get:1 file:/etc/apt/apt-mirrors.txt Mirrorlist [144 B]
2025-11-09T19:22:49.8121234Z Hit:2 http://azure.archive.ubuntu.com/ubuntu noble InRelease
2025-11-09T19:22:49.8133827Z Get:6 https://packages.microsoft.com/repos/azure-cli noble InRelease [3564 B]
2025-11-09T19:22:49.8137702Z Get:7 https://packages.microsoft.com/ubuntu/24.04/prod noble InRelease [3600 B]
2025-11-09T19:22:49.8152581Z Get:3 http://azure.archive.ubuntu.com/ubuntu noble-updates InRelease [126 kB]
2025-11-09T19:22:49.8191626Z Get:4 http://azure.archive.ubuntu.com/ubuntu noble-backports InRelease [126 kB]
2025-11-09T19:22:49.8218422Z Get:5 http://azure.archive.ubuntu.com/ubuntu noble-security InRelease [126 kB]
2025-11-09T19:22:49.9445447Z Get:8 https://packages.microsoft.com/repos/azure-cli noble/main amd64 Packages [1700 B]
2025-11-09T19:22:49.9814741Z Get:9 https://packages.microsoft.com/ubuntu/24.04/prod noble/main armhf Packages [11.2 kB]
2025-11-09T19:22:49.9843318Z Get:10 https://packages.microsoft.com/ubuntu/24.04/prod noble/main amd64 Packages [67.3 kB]
2025-11-09T19:22:49.9883952Z Get:11 https://packages.microsoft.com/ubuntu/24.04/prod noble/main arm64 Packages [49.9 kB]
2025-11-09T19:22:50.0305490Z Get:12 http://azure.archive.ubuntu.com/ubuntu noble-updates/main amd64 Packages [1585 kB]
2025-11-09T19:22:50.0394479Z Get:13 http://azure.archive.ubuntu.com/ubuntu noble-updates/main Translation-en [299 kB]
2025-11-09T19:22:50.0421884Z Get:14 http://azure.archive.ubuntu.com/ubuntu noble-updates/main amd64 Components [175 kB]
2025-11-09T19:22:50.0443130Z Get:15 http://azure.archive.ubuntu.com/ubuntu noble-updates/main amd64 c-n-f Metadata [15.7 kB]
2025-11-09T19:22:50.0456098Z Get:16 http://azure.archive.ubuntu.com/ubuntu noble-updates/universe amd64 Packages [1498 kB]
2025-11-09T19:22:50.0536554Z Get:17 http://azure.archive.ubuntu.com/ubuntu noble-updates/universe amd64 Components [378 kB]
2025-11-09T19:22:50.0562947Z Get:18 http://azure.archive.ubuntu.com/ubuntu noble-updates/universe amd64 c-n-f Metadata [31.4 kB]
2025-11-09T19:22:50.0574076Z Get:19 http://azure.archive.ubuntu.com/ubuntu noble-updates/restricted amd64 Packages [2244 kB]
2025-11-09T19:22:50.0704707Z Get:20 http://azure.archive.ubuntu.com/ubuntu noble-updates/restricted Translation-en [509 kB]
2025-11-09T19:22:50.0743841Z Get:21 http://azure.archive.ubuntu.com/ubuntu noble-updates/restricted amd64 Components [212 B]
2025-11-09T19:22:50.1164744Z Get:22 http://azure.archive.ubuntu.com/ubuntu noble-updates/multiverse amd64 Components [940 B]
2025-11-09T19:22:50.1186055Z Get:23 http://azure.archive.ubuntu.com/ubuntu noble-backports/main amd64 Components [7144 B]
2025-11-09T19:22:50.1194313Z Get:24 http://azure.archive.ubuntu.com/ubuntu noble-backports/universe amd64 Components [11.0 kB]
2025-11-09T19:22:50.1202957Z Get:25 http://azure.archive.ubuntu.com/ubuntu noble-backports/restricted amd64 Components [212 B]
2025-11-09T19:22:50.1212652Z Get:26 http://azure.archive.ubuntu.com/ubuntu noble-backports/multiverse amd64 Components [212 B]
2025-11-09T19:22:50.1411779Z Get:27 http://azure.archive.ubuntu.com/ubuntu noble-security/main amd64 Packages [1305 kB]
2025-11-09T19:22:50.1482174Z Get:28 http://azure.archive.ubuntu.com/ubuntu noble-security/main Translation-en [215 kB]
2025-11-09T19:22:50.1502526Z Get:29 http://azure.archive.ubuntu.com/ubuntu noble-security/main amd64 Components [21.5 kB]
2025-11-09T19:22:50.1512990Z Get:30 http://azure.archive.ubuntu.com/ubuntu noble-security/main amd64 c-n-f Metadata [9336 B]
2025-11-09T19:22:50.1523393Z Get:31 http://azure.archive.ubuntu.com/ubuntu noble-security/universe amd64 Packages [906 kB]
2025-11-09T19:22:50.1575602Z Get:32 http://azure.archive.ubuntu.com/ubuntu noble-security/universe Translation-en [203 kB]
2025-11-09T19:22:50.1597802Z Get:33 http://azure.archive.ubuntu.com/ubuntu noble-security/universe amd64 Components [52.3 kB]
2025-11-09T19:22:50.1612690Z Get:34 http://azure.archive.ubuntu.com/ubuntu noble-security/universe amd64 c-n-f Metadata [19.4 kB]
2025-11-09T19:22:50.1622776Z Get:35 http://azure.archive.ubuntu.com/ubuntu noble-security/restricted amd64 Packages [2135 kB]
2025-11-09T19:22:50.2164100Z Get:36 http://azure.archive.ubuntu.com/ubuntu noble-security/restricted Translation-en [485 kB]
2025-11-09T19:22:50.2197884Z Get:37 http://azure.archive.ubuntu.com/ubuntu noble-security/restricted amd64 Components [212 B]
2025-11-09T19:22:50.2206084Z Get:38 http://azure.archive.ubuntu.com/ubuntu noble-security/multiverse amd64 Components [208 B]
2025-11-09T19:22:58.5117403Z Fetched 12.6 MB in 1s (8443 kB/s)
2025-11-09T19:22:59.2235399Z Reading package lists...
2025-11-09T19:22:59.2561926Z Reading package lists...
2025-11-09T19:22:59.4021821Z Building dependency tree...
2025-11-09T19:22:59.4029266Z Reading state information...
2025-11-09T19:22:59.5469117Z The following additional packages will be installed:
2025-11-09T19:22:59.5470561Z   binutils-aarch64-linux-gnu binutils-arm-linux-gnueabihf
2025-11-09T19:22:59.5471966Z   cpp-13-aarch64-linux-gnu cpp-13-arm-linux-gnueabihf cpp-aarch64-linux-gnu
2025-11-09T19:22:59.5473441Z   cpp-arm-linux-gnueabihf g++-13-aarch64-linux-gnu g++-13-arm-linux-gnueabihf
2025-11-09T19:22:59.5474572Z   gcc-13-aarch64-linux-gnu gcc-13-aarch64-linux-gnu-base
2025-11-09T19:22:59.5475583Z   gcc-13-arm-linux-gnueabihf gcc-13-arm-linux-gnueabihf-base gcc-13-cross-base
2025-11-09T19:22:59.5476667Z   gcc-14-cross-base libasan8-arm64-cross libasan8-armhf-cross
2025-11-09T19:22:59.5477684Z   libatomic1-arm64-cross libatomic1-armhf-cross libc6-arm64-cross
2025-11-09T19:22:59.5478678Z   libc6-armhf-cross libc6-dev-arm64-cross libc6-dev-armhf-cross
2025-11-09T19:22:59.5481356Z   libgcc-13-dev-arm64-cross libgcc-13-dev-armhf-cross libgcc-s1-arm64-cross
2025-11-09T19:22:59.5482585Z   libgcc-s1-armhf-cross libgomp1-arm64-cross libgomp1-armhf-cross
2025-11-09T19:22:59.5483641Z   libhwasan0-arm64-cross libitm1-arm64-cross liblsan0-arm64-cross
2025-11-09T19:22:59.5484488Z   libstdc++-13-dev-arm64-cross libstdc++-13-dev-armhf-cross
2025-11-09T19:22:59.5485352Z   libstdc++6-arm64-cross libstdc++6-armhf-cross libtsan2-arm64-cross
2025-11-09T19:22:59.5486209Z   libubsan1-arm64-cross libubsan1-armhf-cross linux-libc-dev-arm64-cross
2025-11-09T19:22:59.5486931Z   linux-libc-dev-armhf-cross
2025-11-09T19:22:59.5487365Z Suggested packages:
2025-11-09T19:22:59.5487929Z   binutils-doc gcc-13-locales cpp-13-doc cpp-doc gcc-13-doc manpages-dev
2025-11-09T19:22:59.5488663Z   gdb-aarch64-linux-gnu gcc-doc gdb-arm-linux-gnueabihf
2025-11-09T19:22:59.5901817Z The following NEW packages will be installed:
2025-11-09T19:22:59.5902610Z   binutils-aarch64-linux-gnu binutils-arm-linux-gnueabihf
2025-11-09T19:22:59.5903542Z   cpp-13-aarch64-linux-gnu cpp-13-arm-linux-gnueabihf cpp-aarch64-linux-gnu
2025-11-09T19:22:59.5904781Z   cpp-arm-linux-gnueabihf g++-13-aarch64-linux-gnu g++-13-arm-linux-gnueabihf
2025-11-09T19:22:59.5905979Z   g++-aarch64-linux-gnu g++-arm-linux-gnueabihf gcc-13-aarch64-linux-gnu
2025-11-09T19:22:59.5907104Z   gcc-13-aarch64-linux-gnu-base gcc-13-arm-linux-gnueabihf
2025-11-09T19:22:59.5908602Z   gcc-13-arm-linux-gnueabihf-base gcc-13-cross-base gcc-14-cross-base
2025-11-09T19:22:59.5910037Z   gcc-aarch64-linux-gnu gcc-arm-linux-gnueabihf libasan8-arm64-cross
2025-11-09T19:22:59.5911190Z   libasan8-armhf-cross libatomic1-arm64-cross libatomic1-armhf-cross
2025-11-09T19:22:59.5912222Z   libc6-arm64-cross libc6-armhf-cross libc6-dev-arm64-cross
2025-11-09T19:22:59.5913298Z   libc6-dev-armhf-cross libgcc-13-dev-arm64-cross libgcc-13-dev-armhf-cross
2025-11-09T19:22:59.5914448Z   libgcc-s1-arm64-cross libgcc-s1-armhf-cross libgomp1-arm64-cross
2025-11-09T19:22:59.5915539Z   libgomp1-armhf-cross libhwasan0-arm64-cross libitm1-arm64-cross
2025-11-09T19:22:59.5916456Z   liblsan0-arm64-cross libstdc++-13-dev-arm64-cross
2025-11-09T19:22:59.5917237Z   libstdc++-13-dev-armhf-cross libstdc++6-arm64-cross libstdc++6-armhf-cross
2025-11-09T19:22:59.5918034Z   libtsan2-arm64-cross libubsan1-arm64-cross libubsan1-armhf-cross
2025-11-09T19:22:59.5918757Z   linux-libc-dev-arm64-cross linux-libc-dev-armhf-cross
2025-11-09T19:22:59.6093448Z 0 upgraded, 44 newly installed, 0 to remove and 22 not upgraded.
2025-11-09T19:22:59.6094071Z Need to get 117 MB of archives.
2025-11-09T19:22:59.6094629Z After this operation, 426 MB of additional disk space will be used.
2025-11-09T19:22:59.6095307Z Get:1 file:/etc/apt/apt-mirrors.txt Mirrorlist [144 B]
2025-11-09T19:22:59.6380744Z Get:2 http://azure.archive.ubuntu.com/ubuntu noble-updates/main amd64 gcc-13-aarch64-linux-gnu-base amd64 13.3.0-6ubuntu2~24.04cross1 [51.7 kB]
2025-11-09T19:22:59.6474530Z Get:3 http://azure.archive.ubuntu.com/ubuntu noble-updates/main amd64 cpp-13-aarch64-linux-gnu amd64 13.3.0-6ubuntu2~24.04cross1 [10.8 MB]
2025-11-09T19:22:59.7228706Z Get:4 http://azure.archive.ubuntu.com/ubuntu noble-updates/main amd64 gcc-13-arm-linux-gnueabihf-base amd64 13.3.0-6ubuntu2~24.04cross1 [51.7 kB]
2025-11-09T19:22:59.7303055Z Get:5 http://azure.archive.ubuntu.com/ubuntu noble-updates/main amd64 cpp-13-arm-linux-gnueabihf amd64 13.3.0-6ubuntu2~24.04cross1 [10.2 MB]
2025-11-09T19:22:59.7987773Z Get:6 http://azure.archive.ubuntu.com/ubuntu noble/main amd64 cpp-aarch64-linux-gnu amd64 4:13.2.0-7ubuntu1 [5332 B]
2025-11-09T19:22:59.8057080Z Get:7 http://azure.archive.ubuntu.com/ubuntu noble/main amd64 cpp-arm-linux-gnueabihf amd64 4:13.2.0-7ubuntu1 [5324 B]
2025-11-09T19:22:59.8128935Z Get:8 http://azure.archive.ubuntu.com/ubuntu noble-updates/main amd64 binutils-aarch64-linux-gnu amd64 2.42-4ubuntu2.6 [3711 kB]
2025-11-09T19:22:59.8423211Z Get:9 http://azure.archive.ubuntu.com/ubuntu noble-updates/main amd64 gcc-13-cross-base all 13.3.0-6ubuntu2~24.04cross1 [46.4 kB]
2025-11-09T19:22:59.8500679Z Get:10 http://azure.archive.ubuntu.com/ubuntu noble-updates/main amd64 gcc-14-cross-base all 14.2.0-4ubuntu2~24.04cross1 [46.0 kB]
2025-11-09T19:22:59.8577132Z Get:11 http://azure.archive.ubuntu.com/ubuntu noble/main amd64 libc6-arm64-cross all 2.39-0ubuntu8cross1 [1197 kB]
2025-11-09T19:22:59.8726037Z Get:12 http://azure.archive.ubuntu.com/ubuntu noble-updates/main amd64 libgcc-s1-arm64-cross all 14.2.0-4ubuntu2~24.04cross1 [61.9 kB]
2025-11-09T19:22:59.8800007Z Get:13 http://azure.archive.ubuntu.com/ubuntu noble-updates/main amd64 libgomp1-arm64-cross all 14.2.0-4ubuntu2~24.04cross1 [110 kB]
2025-11-09T19:22:59.8880018Z Get:14 http://azure.archive.ubuntu.com/ubuntu noble-updates/main amd64 libitm1-arm64-cross all 14.2.0-4ubuntu2~24.04cross1 [31.5 kB]
2025-11-09T19:22:59.8955174Z Get:15 http://azure.archive.ubuntu.com/ubuntu noble-updates/main amd64 libatomic1-arm64-cross all 14.2.0-4ubuntu2~24.04cross1 [11.4 kB]
2025-11-09T19:22:59.9028975Z Get:16 http://azure.archive.ubuntu.com/ubuntu noble-updates/main amd64 libasan8-arm64-cross all 14.2.0-4ubuntu2~24.04cross1 [524 kB]
2025-11-09T19:22:59.9197865Z Get:17 http://azure.archive.ubuntu.com/ubuntu noble-updates/main amd64 liblsan0-arm64-cross all 14.2.0-4ubuntu2~24.04cross1 [238 kB]
2025-11-09T19:22:59.9230020Z Get:18 http://azure.archive.ubuntu.com/ubuntu noble-updates/main amd64 libtsan2-arm64-cross all 14.2.0-4ubuntu2~24.04cross1 [500 kB]
2025-11-09T19:22:59.9788584Z Get:19 http://azure.archive.ubuntu.com/ubuntu noble-updates/main amd64 libstdc++6-arm64-cross all 14.2.0-4ubuntu2~24.04cross1 [658 kB]
2025-11-09T19:23:00.0026076Z Get:20 http://azure.archive.ubuntu.com/ubuntu noble-updates/main amd64 libubsan1-arm64-cross all 14.2.0-4ubuntu2~24.04cross1 [219 kB]
2025-11-09T19:23:00.0118523Z Get:21 http://azure.archive.ubuntu.com/ubuntu noble-updates/main amd64 libhwasan0-arm64-cross all 14.2.0-4ubuntu2~24.04cross1 [303 kB]
2025-11-09T19:23:00.0236137Z Get:22 http://azure.archive.ubuntu.com/ubuntu noble-updates/main amd64 libgcc-13-dev-arm64-cross all 13.3.0-6ubuntu2~24.04cross1 [2616 kB]
2025-11-09T19:23:00.0472152Z Get:23 http://azure.archive.ubuntu.com/ubuntu noble-updates/main amd64 gcc-13-aarch64-linux-gnu amd64 13.3.0-6ubuntu2~24.04cross1 [21.1 MB]
2025-11-09T19:23:00.1777252Z Get:24 http://azure.archive.ubuntu.com/ubuntu noble/main amd64 linux-libc-dev-arm64-cross all 6.8.0-25.25cross1 [1375 kB]
2025-11-09T19:23:00.1938331Z Get:25 http://azure.archive.ubuntu.com/ubuntu noble/main amd64 libc6-dev-arm64-cross all 2.39-0ubuntu8cross1 [1629 kB]
2025-11-09T19:23:00.2184163Z Get:26 http://azure.archive.ubuntu.com/ubuntu noble-updates/main amd64 libstdc++-13-dev-arm64-cross all 13.3.0-6ubuntu2~24.04cross1 [2657 kB]
2025-11-09T19:23:00.2420646Z Get:27 http://azure.archive.ubuntu.com/ubuntu noble-updates/main amd64 g++-13-aarch64-linux-gnu amd64 13.3.0-6ubuntu2~24.04cross1 [12.2 MB]
2025-11-09T19:23:00.3202662Z Get:28 http://azure.archive.ubuntu.com/ubuntu noble-updates/main amd64 binutils-arm-linux-gnueabihf amd64 2.42-4ubuntu2.6 [3552 kB]
2025-11-09T19:23:00.3531662Z Get:29 http://azure.archive.ubuntu.com/ubuntu noble/main amd64 libc6-armhf-cross all 2.39-0ubuntu8cross1 [1320 kB]
2025-11-09T19:23:00.3694216Z Get:30 http://azure.archive.ubuntu.com/ubuntu noble-updates/main amd64 libgcc-s1-armhf-cross all 14.2.0-4ubuntu2~24.04cross1 [41.5 kB]
2025-11-09T19:23:00.3775619Z Get:31 http://azure.archive.ubuntu.com/ubuntu noble-updates/main amd64 libgomp1-armhf-cross all 14.2.0-4ubuntu2~24.04cross1 [123 kB]
2025-11-09T19:23:00.3858809Z Get:32 http://azure.archive.ubuntu.com/ubuntu noble-updates/main amd64 libatomic1-armhf-cross all 14.2.0-4ubuntu2~24.04cross1 [7626 B]
2025-11-09T19:23:00.3934447Z Get:33 http://azure.archive.ubuntu.com/ubuntu noble-updates/main amd64 libasan8-armhf-cross all 14.2.0-4ubuntu2~24.04cross1 [2930 kB]
2025-11-09T19:23:00.4186371Z Get:34 http://azure.archive.ubuntu.com/ubuntu noble-updates/main amd64 libstdc++6-armhf-cross all 14.2.0-4ubuntu2~24.04cross1 [664 kB]
2025-11-09T19:23:00.4746628Z Get:35 http://azure.archive.ubuntu.com/ubuntu noble-updates/main amd64 libubsan1-armhf-cross all 14.2.0-4ubuntu2~24.04cross1 [1153 kB]
2025-11-09T19:23:00.4890309Z Get:36 http://azure.archive.ubuntu.com/ubuntu noble-updates/main amd64 libgcc-13-dev-armhf-cross all 13.3.0-6ubuntu2~24.04cross1 [899 kB]
2025-11-09T19:23:00.5017805Z Get:37 http://azure.archive.ubuntu.com/ubuntu noble-updates/main amd64 gcc-13-arm-linux-gnueabihf amd64 13.3.0-6ubuntu2~24.04cross1 [19.6 MB]
2025-11-09T19:23:00.6227917Z Get:38 http://azure.archive.ubuntu.com/ubuntu noble/main amd64 linux-libc-dev-armhf-cross all 6.8.0-25.25cross1 [1359 kB]
2025-11-09T19:23:00.6376312Z Get:39 http://azure.archive.ubuntu.com/ubuntu noble/main amd64 libc6-dev-armhf-cross all 2.39-0ubuntu8cross1 [1387 kB]
2025-11-09T19:23:00.6527476Z Get:40 http://azure.archive.ubuntu.com/ubuntu noble-updates/main amd64 libstdc++-13-dev-armhf-cross all 13.3.0-6ubuntu2~24.04cross1 [2460 kB]
2025-11-09T19:23:00.6735129Z Get:41 http://azure.archive.ubuntu.com/ubuntu noble-updates/main amd64 g++-13-arm-linux-gnueabihf amd64 13.3.0-6ubuntu2~24.04cross1 [11.5 MB]
2025-11-09T19:23:00.7444369Z Get:42 http://azure.archive.ubuntu.com/ubuntu noble/main amd64 gcc-aarch64-linux-gnu amd64 4:13.2.0-7ubuntu1 [1210 B]
2025-11-09T19:23:00.7514177Z Get:43 http://azure.archive.ubuntu.com/ubuntu noble/main amd64 g++-aarch64-linux-gnu amd64 4:13.2.0-7ubuntu1 [962 B]
2025-11-09T19:23:00.7587739Z Get:44 http://azure.archive.ubuntu.com/ubuntu noble/main amd64 gcc-arm-linux-gnueabihf amd64 4:13.2.0-7ubuntu1 [1230 B]
2025-11-09T19:23:00.7659332Z Get:45 http://azure.archive.ubuntu.com/ubuntu noble/main amd64 g++-arm-linux-gnueabihf amd64 4:13.2.0-7ubuntu1 [968 B]
2025-11-09T19:23:01.0453913Z Fetched 117 MB in 1s (100 MB/s)
2025-11-09T19:23:01.0696428Z Selecting previously unselected package gcc-13-aarch64-linux-gnu-base:amd64.
2025-11-09T19:23:01.1050970Z (Reading database ... 
2025-11-09T19:23:01.1051514Z (Reading database ... 5%
2025-11-09T19:23:01.1052050Z (Reading database ... 10%
2025-11-09T19:23:01.1052561Z (Reading database ... 15%
2025-11-09T19:23:01.1053022Z (Reading database ... 20%
2025-11-09T19:23:01.1053335Z (Reading database ... 25%
2025-11-09T19:23:01.1053681Z (Reading database ... 30%
2025-11-09T19:23:01.1053999Z (Reading database ... 35%
2025-11-09T19:23:01.1054307Z (Reading database ... 40%
2025-11-09T19:23:01.1054621Z (Reading database ... 45%
2025-11-09T19:23:01.1054931Z (Reading database ... 50%
2025-11-09T19:23:01.1128097Z (Reading database ... 55%
2025-11-09T19:23:01.2530081Z (Reading database ... 60%
2025-11-09T19:23:01.3648941Z (Reading database ... 65%
2025-11-09T19:23:01.4055124Z (Reading database ... 70%
2025-11-09T19:23:01.4617323Z (Reading database ... 75%
2025-11-09T19:23:01.6145073Z (Reading database ... 80%
2025-11-09T19:23:01.7548171Z (Reading database ... 85%
2025-11-09T19:23:01.8503141Z (Reading database ... 90%
2025-11-09T19:23:02.0214683Z (Reading database ... 95%
2025-11-09T19:23:02.0215207Z (Reading database ... 100%
2025-11-09T19:23:02.0215935Z (Reading database ... 215802 files and directories currently installed.)
2025-11-09T19:23:02.0260876Z Preparing to unpack .../00-gcc-13-aarch64-linux-gnu-base_13.3.0-6ubuntu2~24.04cross1_amd64.deb ...
2025-11-09T19:23:02.0285370Z Unpacking gcc-13-aarch64-linux-gnu-base:amd64 (13.3.0-6ubuntu2~24.04cross1) ...
2025-11-09T19:23:02.0515279Z Selecting previously unselected package cpp-13-aarch64-linux-gnu.
2025-11-09T19:23:02.0641828Z Preparing to unpack .../01-cpp-13-aarch64-linux-gnu_13.3.0-6ubuntu2~24.04cross1_amd64.deb ...
2025-11-09T19:23:02.0673443Z Unpacking cpp-13-aarch64-linux-gnu (13.3.0-6ubuntu2~24.04cross1) ...
2025-11-09T19:23:02.2152210Z Selecting previously unselected package gcc-13-arm-linux-gnueabihf-base:amd64.
2025-11-09T19:23:02.2286696Z Preparing to unpack .../02-gcc-13-arm-linux-gnueabihf-base_13.3.0-6ubuntu2~24.04cross1_amd64.deb ...
2025-11-09T19:23:02.2296361Z Unpacking gcc-13-arm-linux-gnueabihf-base:amd64 (13.3.0-6ubuntu2~24.04cross1) ...
2025-11-09T19:23:02.2508793Z Selecting previously unselected package cpp-13-arm-linux-gnueabihf.
2025-11-09T19:23:02.2640122Z Preparing to unpack .../03-cpp-13-arm-linux-gnueabihf_13.3.0-6ubuntu2~24.04cross1_amd64.deb ...
2025-11-09T19:23:02.2672848Z Unpacking cpp-13-arm-linux-gnueabihf (13.3.0-6ubuntu2~24.04cross1) ...
2025-11-09T19:23:02.4040783Z Selecting previously unselected package cpp-aarch64-linux-gnu.
2025-11-09T19:23:02.4173045Z Preparing to unpack .../04-cpp-aarch64-linux-gnu_4%3a13.2.0-7ubuntu1_amd64.deb ...
2025-11-09T19:23:02.4183353Z Unpacking cpp-aarch64-linux-gnu (4:13.2.0-7ubuntu1) ...
2025-11-09T19:23:02.4402825Z Selecting previously unselected package cpp-arm-linux-gnueabihf.
2025-11-09T19:23:02.4533253Z Preparing to unpack .../05-cpp-arm-linux-gnueabihf_4%3a13.2.0-7ubuntu1_amd64.deb ...
2025-11-09T19:23:02.4543336Z Unpacking cpp-arm-linux-gnueabihf (4:13.2.0-7ubuntu1) ...
2025-11-09T19:23:02.4747330Z Selecting previously unselected package binutils-aarch64-linux-gnu.
2025-11-09T19:23:02.4878309Z Preparing to unpack .../06-binutils-aarch64-linux-gnu_2.42-4ubuntu2.6_amd64.deb ...
2025-11-09T19:23:02.4898742Z Unpacking binutils-aarch64-linux-gnu (2.42-4ubuntu2.6) ...
2025-11-09T19:23:02.6424599Z Selecting previously unselected package gcc-13-cross-base.
2025-11-09T19:23:02.6557205Z Preparing to unpack .../07-gcc-13-cross-base_13.3.0-6ubuntu2~24.04cross1_all.deb ...
2025-11-09T19:23:02.6567113Z Unpacking gcc-13-cross-base (13.3.0-6ubuntu2~24.04cross1) ...
2025-11-09T19:23:02.6764326Z Selecting previously unselected package gcc-14-cross-base.
2025-11-09T19:23:02.6895953Z Preparing to unpack .../08-gcc-14-cross-base_14.2.0-4ubuntu2~24.04cross1_all.deb ...
2025-11-09T19:23:02.6905191Z Unpacking gcc-14-cross-base (14.2.0-4ubuntu2~24.04cross1) ...
2025-11-09T19:23:02.7107024Z Selecting previously unselected package libc6-arm64-cross.
2025-11-09T19:23:02.7237166Z Preparing to unpack .../09-libc6-arm64-cross_2.39-0ubuntu8cross1_all.deb ...
2025-11-09T19:23:02.7247658Z Unpacking libc6-arm64-cross (2.39-0ubuntu8cross1) ...
2025-11-09T19:23:02.7641719Z Selecting previously unselected package libgcc-s1-arm64-cross.
2025-11-09T19:23:02.7773692Z Preparing to unpack .../10-libgcc-s1-arm64-cross_14.2.0-4ubuntu2~24.04cross1_all.deb ...
2025-11-09T19:23:02.7782804Z Unpacking libgcc-s1-arm64-cross (14.2.0-4ubuntu2~24.04cross1) ...
2025-11-09T19:23:02.7991666Z Selecting previously unselected package libgomp1-arm64-cross.
2025-11-09T19:23:02.8122687Z Preparing to unpack .../11-libgomp1-arm64-cross_14.2.0-4ubuntu2~24.04cross1_all.deb ...
2025-11-09T19:23:02.8131818Z Unpacking libgomp1-arm64-cross (14.2.0-4ubuntu2~24.04cross1) ...
2025-11-09T19:23:02.8357239Z Selecting previously unselected package libitm1-arm64-cross.
2025-11-09T19:23:02.8488527Z Preparing to unpack .../12-libitm1-arm64-cross_14.2.0-4ubuntu2~24.04cross1_all.deb ...
2025-11-09T19:23:02.8498527Z Unpacking libitm1-arm64-cross (14.2.0-4ubuntu2~24.04cross1) ...
2025-11-09T19:23:02.8699099Z Selecting previously unselected package libatomic1-arm64-cross.
2025-11-09T19:23:02.8824225Z Preparing to unpack .../13-libatomic1-arm64-cross_14.2.0-4ubuntu2~24.04cross1_all.deb ...
2025-11-09T19:23:02.8833408Z Unpacking libatomic1-arm64-cross (14.2.0-4ubuntu2~24.04cross1) ...
2025-11-09T19:23:02.9028734Z Selecting previously unselected package libasan8-arm64-cross.
2025-11-09T19:23:02.9151207Z Preparing to unpack .../14-libasan8-arm64-cross_14.2.0-4ubuntu2~24.04cross1_all.deb ...
2025-11-09T19:23:02.9161433Z Unpacking libasan8-arm64-cross (14.2.0-4ubuntu2~24.04cross1) ...
2025-11-09T19:23:02.9467649Z Selecting previously unselected package liblsan0-arm64-cross.
2025-11-09T19:23:02.9598610Z Preparing to unpack .../15-liblsan0-arm64-cross_14.2.0-4ubuntu2~24.04cross1_all.deb ...
2025-11-09T19:23:02.9608636Z Unpacking liblsan0-arm64-cross (14.2.0-4ubuntu2~24.04cross1) ...
2025-11-09T19:23:02.9858049Z Selecting previously unselected package libtsan2-arm64-cross.
2025-11-09T19:23:02.9988072Z Preparing to unpack .../16-libtsan2-arm64-cross_14.2.0-4ubuntu2~24.04cross1_all.deb ...
2025-11-09T19:23:02.9997278Z Unpacking libtsan2-arm64-cross (14.2.0-4ubuntu2~24.04cross1) ...
2025-11-09T19:23:03.0293310Z Selecting previously unselected package libstdc++6-arm64-cross.
2025-11-09T19:23:03.0424173Z Preparing to unpack .../17-libstdc++6-arm64-cross_14.2.0-4ubuntu2~24.04cross1_all.deb ...
2025-11-09T19:23:03.0434140Z Unpacking libstdc++6-arm64-cross (14.2.0-4ubuntu2~24.04cross1) ...
2025-11-09T19:23:03.0825833Z Selecting previously unselected package libubsan1-arm64-cross.
2025-11-09T19:23:03.0955604Z Preparing to unpack .../18-libubsan1-arm64-cross_14.2.0-4ubuntu2~24.04cross1_all.deb ...
2025-11-09T19:23:03.0964564Z Unpacking libubsan1-arm64-cross (14.2.0-4ubuntu2~24.04cross1) ...
2025-11-09T19:23:03.1204532Z Selecting previously unselected package libhwasan0-arm64-cross.
2025-11-09T19:23:03.1334464Z Preparing to unpack .../19-libhwasan0-arm64-cross_14.2.0-4ubuntu2~24.04cross1_all.deb ...
2025-11-09T19:23:03.1343311Z Unpacking libhwasan0-arm64-cross (14.2.0-4ubuntu2~24.04cross1) ...
2025-11-09T19:23:03.1593050Z Selecting previously unselected package libgcc-13-dev-arm64-cross.
2025-11-09T19:23:03.1718157Z Preparing to unpack .../20-libgcc-13-dev-arm64-cross_13.3.0-6ubuntu2~24.04cross1_all.deb ...
2025-11-09T19:23:03.1726852Z Unpacking libgcc-13-dev-arm64-cross (13.3.0-6ubuntu2~24.04cross1) ...
2025-11-09T19:23:03.2689294Z Selecting previously unselected package gcc-13-aarch64-linux-gnu.
2025-11-09T19:23:03.2821537Z Preparing to unpack .../21-gcc-13-aarch64-linux-gnu_13.3.0-6ubuntu2~24.04cross1_amd64.deb ...
2025-11-09T19:23:03.2852144Z Unpacking gcc-13-aarch64-linux-gnu (13.3.0-6ubuntu2~24.04cross1) ...
2025-11-09T19:23:03.5501886Z Selecting previously unselected package linux-libc-dev-arm64-cross.
2025-11-09T19:23:03.5635649Z Preparing to unpack .../22-linux-libc-dev-arm64-cross_6.8.0-25.25cross1_all.deb ...
2025-11-09T19:23:03.5644224Z Unpacking linux-libc-dev-arm64-cross (6.8.0-25.25cross1) ...
2025-11-09T19:23:03.7623415Z Selecting previously unselected package libc6-dev-arm64-cross.
2025-11-09T19:23:03.7761360Z Preparing to unpack .../23-libc6-dev-arm64-cross_2.39-0ubuntu8cross1_all.deb ...
2025-11-09T19:23:03.7771346Z Unpacking libc6-dev-arm64-cross (2.39-0ubuntu8cross1) ...
2025-11-09T19:23:03.8999852Z Selecting previously unselected package libstdc++-13-dev-arm64-cross.
2025-11-09T19:23:03.9134506Z Preparing to unpack .../24-libstdc++-13-dev-arm64-cross_13.3.0-6ubuntu2~24.04cross1_all.deb ...
2025-11-09T19:23:03.9144204Z Unpacking libstdc++-13-dev-arm64-cross (13.3.0-6ubuntu2~24.04cross1) ...
2025-11-09T19:23:04.1378372Z Selecting previously unselected package g++-13-aarch64-linux-gnu.
2025-11-09T19:23:04.1516096Z Preparing to unpack .../25-g++-13-aarch64-linux-gnu_13.3.0-6ubuntu2~24.04cross1_amd64.deb ...
2025-11-09T19:23:04.1547048Z Unpacking g++-13-aarch64-linux-gnu (13.3.0-6ubuntu2~24.04cross1) ...
2025-11-09T19:23:04.3121681Z Selecting previously unselected package binutils-arm-linux-gnueabihf.
2025-11-09T19:23:04.3257050Z Preparing to unpack .../26-binutils-arm-linux-gnueabihf_2.42-4ubuntu2.6_amd64.deb ...
2025-11-09T19:23:04.3266033Z Unpacking binutils-arm-linux-gnueabihf (2.42-4ubuntu2.6) ...
2025-11-09T19:23:04.4270730Z Selecting previously unselected package libc6-armhf-cross.
2025-11-09T19:23:04.4406164Z Preparing to unpack .../27-libc6-armhf-cross_2.39-0ubuntu8cross1_all.deb ...
2025-11-09T19:23:04.4415090Z Unpacking libc6-armhf-cross (2.39-0ubuntu8cross1) ...
2025-11-09T19:23:04.4757215Z Selecting previously unselected package libgcc-s1-armhf-cross.
2025-11-09T19:23:04.4898135Z Preparing to unpack .../28-libgcc-s1-armhf-cross_14.2.0-4ubuntu2~24.04cross1_all.deb ...
2025-11-09T19:23:04.4908358Z Unpacking libgcc-s1-armhf-cross (14.2.0-4ubuntu2~24.04cross1) ...
2025-11-09T19:23:04.5118101Z Selecting previously unselected package libgomp1-armhf-cross.
2025-11-09T19:23:04.5250564Z Preparing to unpack .../29-libgomp1-armhf-cross_14.2.0-4ubuntu2~24.04cross1_all.deb ...
2025-11-09T19:23:04.5260448Z Unpacking libgomp1-armhf-cross (14.2.0-4ubuntu2~24.04cross1) ...
2025-11-09T19:23:04.5467860Z Selecting previously unselected package libatomic1-armhf-cross.
2025-11-09T19:23:04.5600360Z Preparing to unpack .../30-libatomic1-armhf-cross_14.2.0-4ubuntu2~24.04cross1_all.deb ...
2025-11-09T19:23:04.5610201Z Unpacking libatomic1-armhf-cross (14.2.0-4ubuntu2~24.04cross1) ...
2025-11-09T19:23:04.5807575Z Selecting previously unselected package libasan8-armhf-cross.
2025-11-09T19:23:04.5939521Z Preparing to unpack .../31-libasan8-armhf-cross_14.2.0-4ubuntu2~24.04cross1_all.deb ...
2025-11-09T19:23:04.5950173Z Unpacking libasan8-armhf-cross (14.2.0-4ubuntu2~24.04cross1) ...
2025-11-09T19:23:04.6546689Z Selecting previously unselected package libstdc++6-armhf-cross.
2025-11-09T19:23:04.6679947Z Preparing to unpack .../32-libstdc++6-armhf-cross_14.2.0-4ubuntu2~24.04cross1_all.deb ...
2025-11-09T19:23:04.6690035Z Unpacking libstdc++6-armhf-cross (14.2.0-4ubuntu2~24.04cross1) ...
2025-11-09T19:23:04.6966229Z Selecting previously unselected package libubsan1-armhf-cross.
2025-11-09T19:23:04.7101559Z Preparing to unpack .../33-libubsan1-armhf-cross_14.2.0-4ubuntu2~24.04cross1_all.deb ...
2025-11-09T19:23:04.7111426Z Unpacking libubsan1-armhf-cross (14.2.0-4ubuntu2~24.04cross1) ...
2025-11-09T19:23:04.7443539Z Selecting previously unselected package libgcc-13-dev-armhf-cross.
2025-11-09T19:23:04.7578306Z Preparing to unpack .../34-libgcc-13-dev-armhf-cross_13.3.0-6ubuntu2~24.04cross1_all.deb ...
2025-11-09T19:23:04.7586349Z Unpacking libgcc-13-dev-armhf-cross (13.3.0-6ubuntu2~24.04cross1) ...
2025-11-09T19:23:04.8118896Z Selecting previously unselected package gcc-13-arm-linux-gnueabihf.
2025-11-09T19:23:04.8253913Z Preparing to unpack .../35-gcc-13-arm-linux-gnueabihf_13.3.0-6ubuntu2~24.04cross1_amd64.deb ...
2025-11-09T19:23:04.8286918Z Unpacking gcc-13-arm-linux-gnueabihf (13.3.0-6ubuntu2~24.04cross1) ...
2025-11-09T19:23:05.0748069Z Selecting previously unselected package linux-libc-dev-armhf-cross.
2025-11-09T19:23:05.0882135Z Preparing to unpack .../36-linux-libc-dev-armhf-cross_6.8.0-25.25cross1_all.deb ...
2025-11-09T19:23:05.0895943Z Unpacking linux-libc-dev-armhf-cross (6.8.0-25.25cross1) ...
2025-11-09T19:23:05.2774377Z Selecting previously unselected package libc6-dev-armhf-cross.
2025-11-09T19:23:05.2912220Z Preparing to unpack .../37-libc6-dev-armhf-cross_2.39-0ubuntu8cross1_all.deb ...
2025-11-09T19:23:05.2922826Z Unpacking libc6-dev-armhf-cross (2.39-0ubuntu8cross1) ...
2025-11-09T19:23:05.4090999Z Selecting previously unselected package libstdc++-13-dev-armhf-cross.
2025-11-09T19:23:05.4227173Z Preparing to unpack .../38-libstdc++-13-dev-armhf-cross_13.3.0-6ubuntu2~24.04cross1_all.deb ...
2025-11-09T19:23:05.4236629Z Unpacking libstdc++-13-dev-armhf-cross (13.3.0-6ubuntu2~24.04cross1) ...
2025-11-09T19:23:05.6155554Z Selecting previously unselected package g++-13-arm-linux-gnueabihf.
2025-11-09T19:23:05.6292925Z Preparing to unpack .../39-g++-13-arm-linux-gnueabihf_13.3.0-6ubuntu2~24.04cross1_amd64.deb ...
2025-11-09T19:23:05.6323338Z Unpacking g++-13-arm-linux-gnueabihf (13.3.0-6ubuntu2~24.04cross1) ...
2025-11-09T19:23:05.7788256Z Selecting previously unselected package gcc-aarch64-linux-gnu.
2025-11-09T19:23:05.7923458Z Preparing to unpack .../40-gcc-aarch64-linux-gnu_4%3a13.2.0-7ubuntu1_amd64.deb ...
2025-11-09T19:23:05.7934142Z Unpacking gcc-aarch64-linux-gnu (4:13.2.0-7ubuntu1) ...
2025-11-09T19:23:05.8165864Z Selecting previously unselected package g++-aarch64-linux-gnu.
2025-11-09T19:23:05.8300413Z Preparing to unpack .../41-g++-aarch64-linux-gnu_4%3a13.2.0-7ubuntu1_amd64.deb ...
2025-11-09T19:23:05.8310098Z Unpacking g++-aarch64-linux-gnu (4:13.2.0-7ubuntu1) ...
2025-11-09T19:23:05.8507041Z Selecting previously unselected package gcc-arm-linux-gnueabihf.
2025-11-09T19:23:05.8640241Z Preparing to unpack .../42-gcc-arm-linux-gnueabihf_4%3a13.2.0-7ubuntu1_amd64.deb ...
2025-11-09T19:23:05.8650387Z Unpacking gcc-arm-linux-gnueabihf (4:13.2.0-7ubuntu1) ...
2025-11-09T19:23:05.8888232Z Selecting previously unselected package g++-arm-linux-gnueabihf.
2025-11-09T19:23:05.9019466Z Preparing to unpack .../43-g++-arm-linux-gnueabihf_4%3a13.2.0-7ubuntu1_amd64.deb ...
2025-11-09T19:23:05.9028877Z Unpacking g++-arm-linux-gnueabihf (4:13.2.0-7ubuntu1) ...
2025-11-09T19:23:05.9438701Z Setting up libc6-armhf-cross (2.39-0ubuntu8cross1) ...
2025-11-09T19:23:05.9464070Z Setting up binutils-aarch64-linux-gnu (2.42-4ubuntu2.6) ...
2025-11-09T19:23:05.9488593Z Setting up gcc-14-cross-base (14.2.0-4ubuntu2~24.04cross1) ...
2025-11-09T19:23:05.9512979Z Setting up libatomic1-armhf-cross (14.2.0-4ubuntu2~24.04cross1) ...
2025-11-09T19:23:05.9538085Z Setting up gcc-13-cross-base (13.3.0-6ubuntu2~24.04cross1) ...
2025-11-09T19:23:05.9563358Z Setting up libc6-arm64-cross (2.39-0ubuntu8cross1) ...
2025-11-09T19:23:05.9587872Z Setting up linux-libc-dev-armhf-cross (6.8.0-25.25cross1) ...
2025-11-09T19:23:05.9613306Z Setting up libitm1-arm64-cross (14.2.0-4ubuntu2~24.04cross1) ...
2025-11-09T19:23:05.9637828Z Setting up linux-libc-dev-arm64-cross (6.8.0-25.25cross1) ...
2025-11-09T19:23:05.9661850Z Setting up gcc-13-arm-linux-gnueabihf-base:amd64 (13.3.0-6ubuntu2~24.04cross1) ...
2025-11-09T19:23:05.9686228Z Setting up gcc-13-aarch64-linux-gnu-base:amd64 (13.3.0-6ubuntu2~24.04cross1) ...
2025-11-09T19:23:05.9713940Z Setting up binutils-arm-linux-gnueabihf (2.42-4ubuntu2.6) ...
2025-11-09T19:23:05.9739933Z Setting up libgcc-s1-arm64-cross (14.2.0-4ubuntu2~24.04cross1) ...
2025-11-09T19:23:05.9763596Z Setting up libatomic1-arm64-cross (14.2.0-4ubuntu2~24.04cross1) ...
2025-11-09T19:23:05.9788566Z Setting up libgomp1-armhf-cross (14.2.0-4ubuntu2~24.04cross1) ...
2025-11-09T19:23:05.9813682Z Setting up liblsan0-arm64-cross (14.2.0-4ubuntu2~24.04cross1) ...
2025-11-09T19:23:05.9838345Z Setting up libgomp1-arm64-cross (14.2.0-4ubuntu2~24.04cross1) ...
2025-11-09T19:23:05.9864357Z Setting up cpp-13-aarch64-linux-gnu (13.3.0-6ubuntu2~24.04cross1) ...
2025-11-09T19:23:05.9889942Z Setting up cpp-13-arm-linux-gnueabihf (13.3.0-6ubuntu2~24.04cross1) ...
2025-11-09T19:23:05.9913868Z Setting up libgcc-s1-armhf-cross (14.2.0-4ubuntu2~24.04cross1) ...
2025-11-09T19:23:05.9939483Z Setting up libc6-dev-armhf-cross (2.39-0ubuntu8cross1) ...
2025-11-09T19:23:05.9963707Z Setting up libhwasan0-arm64-cross (14.2.0-4ubuntu2~24.04cross1) ...
2025-11-09T19:23:05.9987743Z Setting up libc6-dev-arm64-cross (2.39-0ubuntu8cross1) ...
2025-11-09T19:23:06.0011719Z Setting up libstdc++6-arm64-cross (14.2.0-4ubuntu2~24.04cross1) ...
2025-11-09T19:23:06.0038197Z Setting up cpp-aarch64-linux-gnu (4:13.2.0-7ubuntu1) ...
2025-11-09T19:23:06.0061598Z Setting up libstdc++6-armhf-cross (14.2.0-4ubuntu2~24.04cross1) ...
2025-11-09T19:23:06.0085949Z Setting up libubsan1-armhf-cross (14.2.0-4ubuntu2~24.04cross1) ...
2025-11-09T19:23:06.0110482Z Setting up libasan8-arm64-cross (14.2.0-4ubuntu2~24.04cross1) ...
2025-11-09T19:23:06.0135402Z Setting up libtsan2-arm64-cross (14.2.0-4ubuntu2~24.04cross1) ...
2025-11-09T19:23:06.0159128Z Setting up cpp-arm-linux-gnueabihf (4:13.2.0-7ubuntu1) ...
2025-11-09T19:23:06.0184131Z Setting up libasan8-armhf-cross (14.2.0-4ubuntu2~24.04cross1) ...
2025-11-09T19:23:06.0209897Z Setting up libubsan1-arm64-cross (14.2.0-4ubuntu2~24.04cross1) ...
2025-11-09T19:23:06.0233423Z Setting up libgcc-13-dev-armhf-cross (13.3.0-6ubuntu2~24.04cross1) ...
2025-11-09T19:23:06.0262117Z Setting up libgcc-13-dev-arm64-cross (13.3.0-6ubuntu2~24.04cross1) ...
2025-11-09T19:23:06.0286349Z Setting up libstdc++-13-dev-armhf-cross (13.3.0-6ubuntu2~24.04cross1) ...
2025-11-09T19:23:06.0310763Z Setting up gcc-13-aarch64-linux-gnu (13.3.0-6ubuntu2~24.04cross1) ...
2025-11-09T19:23:06.0334052Z Setting up gcc-13-arm-linux-gnueabihf (13.3.0-6ubuntu2~24.04cross1) ...
2025-11-09T19:23:06.0359989Z Setting up libstdc++-13-dev-arm64-cross (13.3.0-6ubuntu2~24.04cross1) ...
2025-11-09T19:23:06.0378704Z Setting up gcc-arm-linux-gnueabihf (4:13.2.0-7ubuntu1) ...
2025-11-09T19:23:06.0399931Z Setting up g++-13-arm-linux-gnueabihf (13.3.0-6ubuntu2~24.04cross1) ...
2025-11-09T19:23:06.0419933Z Setting up g++-13-aarch64-linux-gnu (13.3.0-6ubuntu2~24.04cross1) ...
2025-11-09T19:23:06.0438561Z Setting up g++-arm-linux-gnueabihf (4:13.2.0-7ubuntu1) ...
2025-11-09T19:23:06.0459916Z Setting up gcc-aarch64-linux-gnu (4:13.2.0-7ubuntu1) ...
2025-11-09T19:23:06.0481252Z Setting up g++-aarch64-linux-gnu (4:13.2.0-7ubuntu1) ...
2025-11-09T19:23:06.0502776Z Processing triggers for man-db (2.12.0-4build2) ...
2025-11-09T19:23:14.1271128Z Processing triggers for libc-bin (2.39-0ubuntu8.6) ...
2025-11-09T19:23:15.0116869Z 
2025-11-09T19:23:15.0117329Z Running kernel seems to be up-to-date.
2025-11-09T19:23:15.0117787Z 
2025-11-09T19:23:15.0118022Z No services need to be restarted.
2025-11-09T19:23:15.0118298Z 
2025-11-09T19:23:15.0118436Z No containers need to be restarted.
2025-11-09T19:23:15.0118675Z 
2025-11-09T19:23:15.0118828Z No user sessions are running outdated binaries.
2025-11-09T19:23:15.0119108Z 
2025-11-09T19:23:15.0119360Z No VM guests are running outdated hypervisor (qemu) binaries on this host.
2025-11-09T19:23:15.8371946Z ##[group]Run echo "Building lgpio library for ARM 32-bit..."
2025-11-09T19:23:15.8372363Z [36;1mecho "Building lgpio library for ARM 32-bit..."[0m
2025-11-09T19:23:15.8372672Z [36;1m./scripts/setup-lgpio-cross.sh[0m
2025-11-09T19:23:15.8408263Z shell: /usr/bin/bash -e {0}
2025-11-09T19:23:15.8408473Z env:
2025-11-09T19:23:15.8408726Z   pythonLocation: /opt/hostedtoolcache/Python/3.11.14/x64
2025-11-09T19:23:15.8409135Z   PKG_CONFIG_PATH: /opt/hostedtoolcache/Python/3.11.14/x64/lib/pkgconfig
2025-11-09T19:23:15.8409516Z   Python_ROOT_DIR: /opt/hostedtoolcache/Python/3.11.14/x64
2025-11-09T19:23:15.8410095Z   Python2_ROOT_DIR: /opt/hostedtoolcache/Python/3.11.14/x64
2025-11-09T19:23:15.8410439Z   Python3_ROOT_DIR: /opt/hostedtoolcache/Python/3.11.14/x64
2025-11-09T19:23:15.8410783Z   LD_LIBRARY_PATH: /opt/hostedtoolcache/Python/3.11.14/x64/lib
2025-11-09T19:23:15.8411068Z ##[endgroup]
2025-11-09T19:23:15.8464435Z Building lgpio library for ARM 32-bit...
2025-11-09T19:23:15.8477074Z ==================================================
2025-11-09T19:23:15.8477423Z lgpio Cross-Compilation Setup
2025-11-09T19:23:15.8477683Z ==================================================
2025-11-09T19:23:15.8477874Z 
2025-11-09T19:23:15.8502431Z ✓ Cross-compiler found: arm-linux-gnueabihf-gcc (Ubuntu 13.3.0-6ubuntu2~24.04) 13.3.0
2025-11-09T19:23:15.8502962Z   Architecture: ARM 32-bit (ARMv7)
2025-11-09T19:23:15.8503158Z 
2025-11-09T19:23:15.8503269Z Build directory: /tmp/lg-build
2025-11-09T19:23:15.8503611Z Install directory: /home/runner/.local/arm-linux-gnueabihf
2025-11-09T19:23:15.8504012Z Cross-compiler prefix: arm-linux-gnueabihf-
2025-11-09T19:23:15.8504242Z 
2025-11-09T19:23:15.8515900Z Cloning lg repository...
2025-11-09T19:23:15.8527978Z Cloning into 'lg'...
2025-11-09T19:23:16.1248966Z 
2025-11-09T19:23:16.1249608Z Building lgpio library for ARM...
2025-11-09T19:23:16.1560512Z arm-linux-gnueabihf-gcc -O3 -Wall -pthread -fpic    -c -o lgCtx.o lgCtx.c
2025-11-09T19:23:16.2149870Z arm-linux-gnueabihf-gcc -O3 -Wall -pthread -fpic    -c -o lgDbg.o lgDbg.c
2025-11-09T19:23:16.2746173Z arm-linux-gnueabihf-gcc -O3 -Wall -pthread -fpic    -c -o lgErr.o lgErr.c
2025-11-09T19:23:16.2984573Z arm-linux-gnueabihf-gcc -O3 -Wall -pthread -fpic    -c -o lgGpio.o lgGpio.c
2025-11-09T19:23:16.7182102Z arm-linux-gnueabihf-gcc -O3 -Wall -pthread -fpic    -c -o lgHdl.o lgHdl.c
2025-11-09T19:23:16.8294636Z arm-linux-gnueabihf-gcc -O3 -Wall -pthread -fpic    -c -o lgI2C.o lgI2C.c
2025-11-09T19:23:17.1371404Z arm-linux-gnueabihf-gcc -O3 -Wall -pthread -fpic    -c -o lgNotify.o lgNotify.c
2025-11-09T19:23:17.2345548Z arm-linux-gnueabihf-gcc -O3 -Wall -pthread -fpic    -c -o lgPthAlerts.o lgPthAlerts.c
2025-11-09T19:23:17.4210278Z arm-linux-gnueabihf-gcc -O3 -Wall -pthread -fpic    -c -o lgPthTx.o lgPthTx.c
2025-11-09T19:23:17.5049643Z arm-linux-gnueabihf-gcc -O3 -Wall -pthread -fpic    -c -o lgSerial.o lgSerial.c
2025-11-09T19:23:17.6040131Z arm-linux-gnueabihf-gcc -O3 -Wall -pthread -fpic    -c -o lgSPI.o lgSPI.c
2025-11-09T19:23:17.6848245Z arm-linux-gnueabihf-gcc -O3 -Wall -pthread -fpic    -c -o lgThread.o lgThread.c
2025-11-09T19:23:17.7271418Z arm-linux-gnueabihf-gcc -O3 -Wall -pthread -fpic    -c -o lgUtil.o lgUtil.c
2025-11-09T19:23:17.8199426Z arm-linux-gnueabihf-gcc -shared -pthread  -Wl,-soname,liblgpio.so.1 -o liblgpio.so.1 lgCtx.o lgDbg.o lgErr.o lgGpio.o lgHdl.o lgI2C.o lgNotify.o lgPthAlerts.o lgPthTx.o lgSerial.o lgSPI.o lgThread.o lgUtil.o 
2025-11-09T19:23:17.8419168Z ln -fs liblgpio.so.1 liblgpio.so
2025-11-09T19:23:17.8428291Z arm-linux-gnueabihf-strip --strip-unneeded liblgpio.so
2025-11-09T19:23:17.8446908Z arm-linux-gnueabihf-size     liblgpio.so
2025-11-09T19:23:17.8457191Z    text	   data	    bss	    dec	    hex	filename
2025-11-09T19:23:17.8457596Z   60165	   1844	  82320	 144329	  233c9	liblgpio.so
2025-11-09T19:23:17.8460545Z arm-linux-gnueabihf-gcc -O3 -Wall -pthread -fpic  -c -o rgpio.o rgpio.c
2025-11-09T19:23:18.3098368Z arm-linux-gnueabihf-gcc -O3 -Wall -pthread -fpic    -c -o lgCfg.o lgCfg.c
2025-11-09T19:23:18.4231326Z arm-linux-gnueabihf-gcc -O3 -Wall -pthread -fpic    -c -o lgMD5.o lgMD5.c
2025-11-09T19:23:18.5512294Z arm-linux-gnueabihf-gcc -shared -pthread  -Wl,-soname,librgpio.so.1 -o librgpio.so.1 rgpio.o lgCfg.o lgErr.o lgDbg.o lgMD5.o 
2025-11-09T19:23:18.5714434Z ln -fs librgpio.so.1 librgpio.so
2025-11-09T19:23:18.5723433Z arm-linux-gnueabihf-strip --strip-unneeded librgpio.so
2025-11-09T19:23:18.5740105Z arm-linux-gnueabihf-size     librgpio.so
2025-11-09T19:23:18.5749826Z    text	   data	    bss	    dec	    hex	filename
2025-11-09T19:23:18.5750291Z   32323	   1444	   5060	  38827	   97ab	librgpio.so
2025-11-09T19:23:18.5754502Z 
2025-11-09T19:23:18.5754865Z Installing to /home/runner/.local/arm-linux-gnueabihf...
2025-11-09T19:23:18.5793725Z 'lgpio.h' -> '/home/runner/.local/arm-linux-gnueabihf/include/lgpio.h'
2025-11-09T19:23:18.5794474Z 'rgpio.h' -> '/home/runner/.local/arm-linux-gnueabihf/include/rgpio.h'
2025-11-09T19:23:18.5809925Z 'liblgpio.so' -> '/home/runner/.local/arm-linux-gnueabihf/lib/liblgpio.so'
2025-11-09T19:23:18.5810636Z 'liblgpio.so.1' -> '/home/runner/.local/arm-linux-gnueabihf/lib/liblgpio.so.1'
2025-11-09T19:23:18.5825602Z 'librgpio.so' -> '/home/runner/.local/arm-linux-gnueabihf/lib/librgpio.so'
2025-11-09T19:23:18.5826201Z 'librgpio.so.1' -> '/home/runner/.local/arm-linux-gnueabihf/lib/librgpio.so.1'
2025-11-09T19:23:18.5849393Z 
2025-11-09T19:23:18.5849593Z ==================================================
2025-11-09T19:23:18.5850523Z ✓ lgpio cross-compilation setup complete!
2025-11-09T19:23:18.5850969Z ==================================================
2025-11-09T19:23:18.5851250Z 
2025-11-09T19:23:18.5851562Z Headers installed to: /home/runner/.local/arm-linux-gnueabihf/include/
2025-11-09T19:23:18.5852287Z Libraries installed to: /home/runner/.local/arm-linux-gnueabihf/lib/
2025-11-09T19:23:18.5852727Z 
2025-11-09T19:23:18.5852923Z You can now build lgpio examples with PlatformIO:
2025-11-09T19:23:18.5875930Z dirname: missing operand
2025-11-09T19:23:18.5876295Z Try 'dirname --help' for more information.
2025-11-09T19:23:18.5885238Z dirname: missing operand
2025-11-09T19:23:18.5885625Z Try 'dirname --help' for more information.
2025-11-09T19:23:18.5886925Z   cd 
2025-11-09T19:23:18.5887219Z   source venv/bin/activate
2025-11-09T19:23:18.5887592Z   pio run -d examples/lgpio-blink
2025-11-09T19:23:18.5888097Z 
2025-11-09T19:23:18.5915925Z ##[group]Run echo "Building lgpio library for ARM 64-bit..."
2025-11-09T19:23:18.5916350Z [36;1mecho "Building lgpio library for ARM 64-bit..."[0m
2025-11-09T19:23:18.5916645Z [36;1mCROSS_PREFIX=aarch64-linux-gnu- \[0m
2025-11-09T19:23:18.5916940Z [36;1mINSTALL_DIR=$HOME/.local/aarch64-linux-gnu \[0m
2025-11-09T19:23:18.5917228Z [36;1m./scripts/setup-lgpio-cross.sh[0m
2025-11-09T19:23:18.5950870Z shell: /usr/bin/bash -e {0}
2025-11-09T19:23:18.5951084Z env:
2025-11-09T19:23:18.5951324Z   pythonLocation: /opt/hostedtoolcache/Python/3.11.14/x64
2025-11-09T19:23:18.5951719Z   PKG_CONFIG_PATH: /opt/hostedtoolcache/Python/3.11.14/x64/lib/pkgconfig
2025-11-09T19:23:18.5952120Z   Python_ROOT_DIR: /opt/hostedtoolcache/Python/3.11.14/x64
2025-11-09T19:23:18.5952459Z   Python2_ROOT_DIR: /opt/hostedtoolcache/Python/3.11.14/x64
2025-11-09T19:23:18.5952798Z   Python3_ROOT_DIR: /opt/hostedtoolcache/Python/3.11.14/x64
2025-11-09T19:23:18.5953179Z   LD_LIBRARY_PATH: /opt/hostedtoolcache/Python/3.11.14/x64/lib
2025-11-09T19:23:18.5953474Z ##[endgroup]
2025-11-09T19:23:18.6002691Z Building lgpio library for ARM 64-bit...
2025-11-09T19:23:18.6015817Z ==================================================
2025-11-09T19:23:18.6016297Z lgpio Cross-Compilation Setup
2025-11-09T19:23:18.6016691Z ==================================================
2025-11-09T19:23:18.6016978Z 
2025-11-09T19:23:18.6035630Z ✓ Cross-compiler found: aarch64-linux-gnu-gcc (Ubuntu 13.3.0-6ubuntu2~24.04) 13.3.0
2025-11-09T19:23:18.6036330Z   Architecture: ARM 64-bit (AArch64)
2025-11-09T19:23:18.6036612Z 
2025-11-09T19:23:18.6036765Z Build directory: /tmp/lg-build
2025-11-09T19:23:18.6037241Z Install directory: /home/runner/.local/aarch64-linux-gnu
2025-11-09T19:23:18.6037780Z Cross-compiler prefix: aarch64-linux-gnu-
2025-11-09T19:23:18.6038082Z 
2025-11-09T19:23:18.6048302Z Updating existing lg repository...
2025-11-09T19:23:18.6811551Z Already up to date.
2025-11-09T19:23:18.6816690Z 
2025-11-09T19:23:18.6816933Z Building lgpio library for ARM...
2025-11-09T19:23:18.6837721Z make: Nothing to be done for 'lib'.
2025-11-09T19:23:18.6839587Z 
2025-11-09T19:23:18.6840002Z Installing to /home/runner/.local/aarch64-linux-gnu...
2025-11-09T19:23:18.6877774Z 'lgpio.h' -> '/home/runner/.local/aarch64-linux-gnu/include/lgpio.h'
2025-11-09T19:23:18.6878511Z 'rgpio.h' -> '/home/runner/.local/aarch64-linux-gnu/include/rgpio.h'
2025-11-09T19:23:18.6894216Z 'liblgpio.so' -> '/home/runner/.local/aarch64-linux-gnu/lib/liblgpio.so'
2025-11-09T19:23:18.6895010Z 'liblgpio.so.1' -> '/home/runner/.local/aarch64-linux-gnu/lib/liblgpio.so.1'
2025-11-09T19:23:18.6909595Z 'librgpio.so' -> '/home/runner/.local/aarch64-linux-gnu/lib/librgpio.so'
2025-11-09T19:23:18.6910292Z 'librgpio.so.1' -> '/home/runner/.local/aarch64-linux-gnu/lib/librgpio.so.1'
2025-11-09T19:23:18.6932819Z 
2025-11-09T19:23:18.6933110Z ==================================================
2025-11-09T19:23:18.6933717Z ✓ lgpio cross-compilation setup complete!
2025-11-09T19:23:18.6934022Z ==================================================
2025-11-09T19:23:18.6934205Z 
2025-11-09T19:23:18.6934402Z Headers installed to: /home/runner/.local/aarch64-linux-gnu/include/
2025-11-09T19:23:18.6935064Z Libraries installed to: /home/runner/.local/aarch64-linux-gnu/lib/
2025-11-09T19:23:18.6935535Z 
2025-11-09T19:23:18.6935734Z You can now build lgpio examples with PlatformIO:
2025-11-09T19:23:18.6958054Z dirname: missing operand
2025-11-09T19:23:18.6958400Z Try 'dirname --help' for more information.
2025-11-09T19:23:18.6967622Z dirname: missing operand
2025-11-09T19:23:18.6968016Z Try 'dirname --help' for more information.
2025-11-09T19:23:18.6969101Z   cd 
2025-11-09T19:23:18.6969401Z   source venv/bin/activate
2025-11-09T19:23:18.6969856Z   pio run -d examples/lgpio-blink
2025-11-09T19:23:18.6970101Z 
2025-11-09T19:23:18.6996805Z ##[group]Run pip install -U https://github.com/platformio/platformio-core/archive/develop.zip
2025-11-09T19:23:18.6997425Z [36;1mpip install -U https://github.com/platformio/platformio-core/archive/develop.zip[0m
2025-11-09T19:23:18.7030419Z shell: /usr/bin/bash -e {0}
2025-11-09T19:23:18.7030646Z env:
2025-11-09T19:23:18.7030884Z   pythonLocation: /opt/hostedtoolcache/Python/3.11.14/x64
2025-11-09T19:23:18.7031299Z   PKG_CONFIG_PATH: /opt/hostedtoolcache/Python/3.11.14/x64/lib/pkgconfig
2025-11-09T19:23:18.7031679Z   Python_ROOT_DIR: /opt/hostedtoolcache/Python/3.11.14/x64
2025-11-09T19:23:18.7032031Z   Python2_ROOT_DIR: /opt/hostedtoolcache/Python/3.11.14/x64
2025-11-09T19:23:18.7032377Z   Python3_ROOT_DIR: /opt/hostedtoolcache/Python/3.11.14/x64
2025-11-09T19:23:18.7032723Z   LD_LIBRARY_PATH: /opt/hostedtoolcache/Python/3.11.14/x64/lib
2025-11-09T19:23:18.7033017Z ##[endgroup]
2025-11-09T19:23:19.6630376Z Collecting https://github.com/platformio/platformio-core/archive/develop.zip
2025-11-09T19:23:19.9228877Z   Downloading https://github.com/platformio/platformio-core/archive/develop.zip
2025-11-09T19:23:19.9837098Z      - 552.8 kB 10.4 MB/s 0:00:00
2025-11-09T19:23:20.0335010Z   Installing build dependencies: started
2025-11-09T19:23:20.8486352Z   Installing build dependencies: finished with status 'done'
2025-11-09T19:23:20.8492814Z   Getting requirements to build wheel: started
2025-11-09T19:23:21.3195103Z   Getting requirements to build wheel: finished with status 'done'
2025-11-09T19:23:21.3205302Z   Preparing metadata (pyproject.toml): started
2025-11-09T19:23:21.5197023Z   Preparing metadata (pyproject.toml): finished with status 'done'
2025-11-09T19:23:21.5957787Z Collecting bottle==0.13.* (from platformio==6.1.19a2)
2025-11-09T19:23:21.6519101Z   Downloading bottle-0.13.4-py2.py3-none-any.whl.metadata (1.6 kB)
2025-11-09T19:23:21.6703270Z Collecting click<8.1.8,>=8.0.4 (from platformio==6.1.19a2)
2025-11-09T19:23:21.6743392Z   Downloading click-8.1.7-py3-none-any.whl.metadata (3.0 kB)
2025-11-09T19:23:21.6892257Z Collecting colorama (from platformio==6.1.19a2)
2025-11-09T19:23:21.6929893Z   Downloading colorama-0.4.6-py2.py3-none-any.whl.metadata (17 kB)
2025-11-09T19:23:21.7414537Z Collecting marshmallow==3.* (from platformio==6.1.19a2)
2025-11-09T19:23:21.7451890Z   Downloading marshmallow-3.26.1-py3-none-any.whl.metadata (7.3 kB)
2025-11-09T19:23:21.7568355Z Collecting pyelftools<1,>=0.27 (from platformio==6.1.19a2)
2025-11-09T19:23:21.7604928Z   Downloading pyelftools-0.32-py3-none-any.whl.metadata (372 bytes)
2025-11-09T19:23:21.7702900Z Collecting pyserial==3.5.* (from platformio==6.1.19a2)
2025-11-09T19:23:21.7747011Z   Downloading pyserial-3.5-py2.py3-none-any.whl.metadata (1.6 kB)
2025-11-09T19:23:21.8152385Z Collecting requests==2.* (from platformio==6.1.19a2)
2025-11-09T19:23:21.8186818Z   Downloading requests-2.32.5-py3-none-any.whl.metadata (4.9 kB)
2025-11-09T19:23:21.8312778Z Collecting semantic_version==2.10.* (from platformio==6.1.19a2)
2025-11-09T19:23:21.8347115Z   Downloading semantic_version-2.10.0-py2.py3-none-any.whl.metadata (9.7 kB)
2025-11-09T19:23:21.8475943Z Collecting tabulate==0.* (from platformio==6.1.19a2)
2025-11-09T19:23:21.8510450Z   Downloading tabulate-0.9.0-py3-none-any.whl.metadata (34 kB)
2025-11-09T19:23:21.8668984Z Collecting ajsonrpc==1.2.* (from platformio==6.1.19a2)
2025-11-09T19:23:21.8725504Z   Downloading ajsonrpc-1.2.0-py3-none-any.whl.metadata (6.9 kB)
2025-11-09T19:23:21.9030768Z Collecting starlette<0.49,>=0.19 (from platformio==6.1.19a2)
2025-11-09T19:23:21.9063094Z   Downloading starlette-0.48.0-py3-none-any.whl.metadata (6.3 kB)
2025-11-09T19:23:21.9355378Z Collecting uvicorn<0.37,>=0.16 (from platformio==6.1.19a2)
2025-11-09T19:23:21.9404269Z   Downloading uvicorn-0.36.1-py3-none-any.whl.metadata (6.6 kB)
2025-11-09T19:23:21.9518692Z Collecting wsproto==1.* (from platformio==6.1.19a2)
2025-11-09T19:23:21.9554347Z   Downloading wsproto-1.2.0-py3-none-any.whl.metadata (5.6 kB)
2025-11-09T19:23:21.9729240Z Collecting packaging>=17.0 (from marshmallow==3.*->platformio==6.1.19a2)
2025-11-09T19:23:21.9766938Z   Downloading packaging-25.0-py3-none-any.whl.metadata (3.3 kB)
2025-11-09T19:23:22.0575555Z Collecting charset_normalizer<4,>=2 (from requests==2.*->platformio==6.1.19a2)
2025-11-09T19:23:22.0630203Z   Downloading charset_normalizer-3.4.4-cp311-cp311-manylinux2014_x86_64.manylinux_2_17_x86_64.manylinux_2_28_x86_64.whl.metadata (37 kB)
2025-11-09T19:23:22.0843197Z Collecting idna<4,>=2.5 (from requests==2.*->platformio==6.1.19a2)
2025-11-09T19:23:22.0879524Z   Downloading idna-3.11-py3-none-any.whl.metadata (8.4 kB)
2025-11-09T19:23:22.1272728Z Collecting urllib3<3,>=1.21.1 (from requests==2.*->platformio==6.1.19a2)
2025-11-09T19:23:22.1307647Z   Downloading urllib3-2.5.0-py3-none-any.whl.metadata (6.5 kB)
2025-11-09T19:23:22.1507147Z Collecting certifi>=2017.4.17 (from requests==2.*->platformio==6.1.19a2)
2025-11-09T19:23:22.1541564Z   Downloading certifi-2025.10.5-py3-none-any.whl.metadata (2.5 kB)
2025-11-09T19:23:22.1761614Z Collecting anyio<5,>=3.6.2 (from starlette<0.49,>=0.19->platformio==6.1.19a2)
2025-11-09T19:23:22.1795667Z   Downloading anyio-4.11.0-py3-none-any.whl.metadata (4.1 kB)
2025-11-09T19:23:22.1963176Z Collecting typing-extensions>=4.10.0 (from starlette<0.49,>=0.19->platformio==6.1.19a2)
2025-11-09T19:23:22.1999047Z   Downloading typing_extensions-4.15.0-py3-none-any.whl.metadata (3.3 kB)
2025-11-09T19:23:22.2128440Z Collecting sniffio>=1.1 (from anyio<5,>=3.6.2->starlette<0.49,>=0.19->platformio==6.1.19a2)
2025-11-09T19:23:22.2163399Z   Downloading sniffio-1.3.1-py3-none-any.whl.metadata (3.9 kB)
2025-11-09T19:23:22.2360240Z Collecting h11>=0.8 (from uvicorn<0.37,>=0.16->platformio==6.1.19a2)
2025-11-09T19:23:22.2392750Z   Downloading h11-0.16.0-py3-none-any.whl.metadata (8.3 kB)
2025-11-09T19:23:22.2559564Z Downloading ajsonrpc-1.2.0-py3-none-any.whl (22 kB)
2025-11-09T19:23:22.2623485Z Downloading bottle-0.13.4-py2.py3-none-any.whl (103 kB)
2025-11-09T19:23:22.2725234Z Downloading click-8.1.7-py3-none-any.whl (97 kB)
2025-11-09T19:23:22.2807196Z Downloading marshmallow-3.26.1-py3-none-any.whl (50 kB)
2025-11-09T19:23:22.2860389Z Downloading pyelftools-0.32-py3-none-any.whl (188 kB)
2025-11-09T19:23:22.2963045Z Downloading pyserial-3.5-py2.py3-none-any.whl (90 kB)
2025-11-09T19:23:22.3030527Z Downloading requests-2.32.5-py3-none-any.whl (64 kB)
2025-11-09T19:23:22.3084273Z Downloading charset_normalizer-3.4.4-cp311-cp311-manylinux2014_x86_64.manylinux_2_17_x86_64.manylinux_2_28_x86_64.whl (151 kB)
2025-11-09T19:23:22.3164127Z Downloading idna-3.11-py3-none-any.whl (71 kB)
2025-11-09T19:23:22.3217128Z Downloading semantic_version-2.10.0-py2.py3-none-any.whl (15 kB)
2025-11-09T19:23:22.3272441Z Downloading starlette-0.48.0-py3-none-any.whl (73 kB)
2025-11-09T19:23:22.3369853Z Downloading anyio-4.11.0-py3-none-any.whl (109 kB)
2025-11-09T19:23:22.3455408Z Downloading tabulate-0.9.0-py3-none-any.whl (35 kB)
2025-11-09T19:23:22.3506087Z Downloading urllib3-2.5.0-py3-none-any.whl (129 kB)
2025-11-09T19:23:22.3592264Z Downloading uvicorn-0.36.1-py3-none-any.whl (67 kB)
2025-11-09T19:23:22.3654594Z Downloading wsproto-1.2.0-py3-none-any.whl (24 kB)
2025-11-09T19:23:22.3703368Z Downloading h11-0.16.0-py3-none-any.whl (37 kB)
2025-11-09T19:23:22.3757495Z Downloading certifi-2025.10.5-py3-none-any.whl (163 kB)
2025-11-09T19:23:22.3832284Z Downloading packaging-25.0-py3-none-any.whl (66 kB)
2025-11-09T19:23:22.3888841Z Downloading sniffio-1.3.1-py3-none-any.whl (10 kB)
2025-11-09T19:23:22.3949276Z Downloading typing_extensions-4.15.0-py3-none-any.whl (44 kB)
2025-11-09T19:23:22.4000615Z Downloading colorama-0.4.6-py2.py3-none-any.whl (25 kB)
2025-11-09T19:23:22.4175214Z Building wheels for collected packages: platformio
2025-11-09T19:23:22.4189279Z   Building wheel for platformio (pyproject.toml): started
2025-11-09T19:23:22.8212251Z   Building wheel for platformio (pyproject.toml): finished with status 'done'
2025-11-09T19:23:22.8222807Z   Created wheel for platformio: filename=platformio-6.1.19a2-py3-none-any.whl size=420238 sha256=f072d1e798fcdb0ecb598e8c68879a2a0986e5d6dd08bcec4b1fbcc7584168df
2025-11-09T19:23:22.8224617Z   Stored in directory: /tmp/pip-ephem-wheel-cache-r_ipomp_/wheels/e7/48/d7/02c7bca5b89064555b31af059b6e7222c52885f9952dc82079
2025-11-09T19:23:22.8253874Z Successfully built platformio
2025-11-09T19:23:22.8604574Z Installing collected packages: pyserial, pyelftools, bottle, urllib3, typing-extensions, tabulate, sniffio, semantic_version, packaging, idna, h11, colorama, click, charset_normalizer, certifi, ajsonrpc, wsproto, uvicorn, requests, marshmallow, anyio, starlette, platformio
2025-11-09T19:23:23.9922195Z 
2025-11-09T19:23:23.9941124Z Successfully installed ajsonrpc-1.2.0 anyio-4.11.0 bottle-0.13.4 certifi-2025.10.5 charset_normalizer-3.4.4 click-8.1.7 colorama-0.4.6 h11-0.16.0 idna-3.11 marshmallow-3.26.1 packaging-25.0 platformio-6.1.19a2 pyelftools-0.32 pyserial-3.5 requests-2.32.5 semantic_version-2.10.0 sniffio-1.3.1 starlette-0.48.0 tabulate-0.9.0 typing-extensions-4.15.0 urllib3-2.5.0 uvicorn-0.36.1 wsproto-1.2.0
2025-11-09T19:23:24.1814905Z ##[group]Run pio pkg install --global --platform symlink://.
2025-11-09T19:23:24.1815357Z [36;1mpio pkg install --global --platform symlink://.[0m
2025-11-09T19:23:24.1848526Z shell: /usr/bin/bash -e {0}
2025-11-09T19:23:24.1848744Z env:
2025-11-09T19:23:24.1848975Z   pythonLocation: /opt/hostedtoolcache/Python/3.11.14/x64
2025-11-09T19:23:24.1849380Z   PKG_CONFIG_PATH: /opt/hostedtoolcache/Python/3.11.14/x64/lib/pkgconfig
2025-11-09T19:23:24.1849991Z   Python_ROOT_DIR: /opt/hostedtoolcache/Python/3.11.14/x64
2025-11-09T19:23:24.1850333Z   Python2_ROOT_DIR: /opt/hostedtoolcache/Python/3.11.14/x64
2025-11-09T19:23:24.1850681Z   Python3_ROOT_DIR: /opt/hostedtoolcache/Python/3.11.14/x64
2025-11-09T19:23:24.1851017Z   LD_LIBRARY_PATH: /opt/hostedtoolcache/Python/3.11.14/x64/lib
2025-11-09T19:23:24.1851300Z ##[endgroup]
2025-11-09T19:23:24.3730224Z ********************************************************************************
2025-11-09T19:23:24.3730772Z If you like PlatformIO, please:
2025-11-09T19:23:24.3731191Z - star it on GitHub > https://github.com/platformio/platformio-core
2025-11-09T19:23:24.3731909Z - follow us on LinkedIn to stay up-to-date on the latest project news > https://www.linkedin.com/company/platformio/
2025-11-09T19:23:24.3732711Z - try PlatformIO IDE for embedded development > https://platformio.org/platformio-ide
2025-11-09T19:23:24.3733231Z ********************************************************************************
2025-11-09T19:23:24.3733466Z 
2025-11-09T19:23:24.3742895Z Platform Manager: Installing symlink://.
2025-11-09T19:23:24.3749079Z Platform Manager: linux_arm@1.6.0 has been installed!
2025-11-09T19:23:25.0126502Z ##[group]Run pio run -d examples/baremetal-hello
2025-11-09T19:23:25.0126865Z [36;1mpio run -d examples/baremetal-hello[0m
2025-11-09T19:23:25.0159607Z shell: /usr/bin/bash -e {0}
2025-11-09T19:23:25.0160070Z env:
2025-11-09T19:23:25.0160312Z   pythonLocation: /opt/hostedtoolcache/Python/3.11.14/x64
2025-11-09T19:23:25.0160726Z   PKG_CONFIG_PATH: /opt/hostedtoolcache/Python/3.11.14/x64/lib/pkgconfig
2025-11-09T19:23:25.0161113Z   Python_ROOT_DIR: /opt/hostedtoolcache/Python/3.11.14/x64
2025-11-09T19:23:25.0161472Z   Python2_ROOT_DIR: /opt/hostedtoolcache/Python/3.11.14/x64
2025-11-09T19:23:25.0161816Z   Python3_ROOT_DIR: /opt/hostedtoolcache/Python/3.11.14/x64
2025-11-09T19:23:25.0162167Z   LD_LIBRARY_PATH: /opt/hostedtoolcache/Python/3.11.14/x64/lib
2025-11-09T19:23:25.0162494Z ##[endgroup]
2025-11-09T19:23:25.2573954Z Processing raspberrypi_3b (platform: linux_arm; board: raspberrypi_3b)
2025-11-09T19:23:25.2574818Z --------------------------------------------------------------------------------
2025-11-09T19:23:25.2605709Z Tool Manager: Installing platformio/tool-scons @ ~4.40801.0
2025-11-09T19:23:27.3285314Z Downloading 0% 10% 20% 30% 40% 50% 60% 70% 80% 90% 100%
2025-11-09T19:23:27.3932791Z Unpacking 0% 10% 20% 30% 40% 50% 60% 70% 80% 90% 100%
2025-11-09T19:23:27.4217632Z Tool Manager: tool-scons@4.40801.0 has been installed!
2025-11-09T19:23:27.8824545Z Verbose mode can be enabled via `-v, --verbose` option
2025-11-09T19:23:27.8876950Z Cross-compiling for ARM Linux (ARMv7 32-bit)
2025-11-09T19:23:27.8877881Z Using toolchain prefix: arm-linux-gnueabihf-
2025-11-09T19:23:27.8878377Z Ensure toolchain is installed:
2025-11-09T19:23:27.8878975Z   Linux:   sudo apt install gcc-arm-linux-gnueabihf g++-arm-linux-gnueabihf
2025-11-09T19:23:27.8879871Z   macOS:   brew tap messense/macos-cross-toolchains
2025-11-09T19:23:27.8880435Z            brew install arm-unknown-linux-gnueabihf
2025-11-09T19:23:27.8881254Z CONFIGURATION: https://docs.platformio.org/page/boards/linux_arm/raspberrypi_3b.html
2025-11-09T19:23:27.8882041Z PLATFORM: Linux ARM (1.6.0) > Raspberry Pi 3 Model B
2025-11-09T19:23:27.8882558Z HARDWARE: BCM2837 1200MHz, 1GB RAM, 1GB Flash
2025-11-09T19:23:27.8894157Z LDF: Library Dependency Finder -> https://bit.ly/configure-pio-ldf
2025-11-09T19:23:27.8894868Z LDF Modes: Finder ~ chain, Compatibility ~ soft
2025-11-09T19:23:27.8896923Z Found 0 compatible libraries
2025-11-09T19:23:27.8897351Z Scanning dependencies...
2025-11-09T19:23:27.8914199Z No dependencies
2025-11-09T19:23:27.8928241Z Building in release mode
2025-11-09T19:23:27.9051062Z Compiling .pio/build/raspberrypi_3b/src/main.o
2025-11-09T19:23:27.9319564Z Linking .pio/build/raspberrypi_3b/program
2025-11-09T19:23:27.9543686Z Checking size .pio/build/raspberrypi_3b/program
2025-11-09T19:23:27.9564912Z Advanced Memory Usage is available via "PlatformIO Home > Project Inspect"
2025-11-09T19:23:27.9565728Z RAM:   [          ]   0.0% (used 324 bytes from 1073741824 bytes)
2025-11-09T19:23:27.9566366Z Flash: [          ]   0.0% (used 1875 bytes from 1073741824 bytes)
2025-11-09T19:23:27.9934061Z ========================= [SUCCESS] Took 2.74 seconds =========================
2025-11-09T19:23:27.9934642Z 
2025-11-09T19:23:27.9935123Z Processing raspberrypi_4b (platform: linux_arm; board: raspberrypi_4b)
2025-11-09T19:23:27.9936173Z --------------------------------------------------------------------------------
2025-11-09T19:23:28.2171797Z Verbose mode can be enabled via `-v, --verbose` option
2025-11-09T19:23:28.2225457Z Cross-compiling for ARM Linux (ARMv7 32-bit)
2025-11-09T19:23:28.2226084Z Using toolchain prefix: arm-linux-gnueabihf-
2025-11-09T19:23:28.2226604Z Ensure toolchain is installed:
2025-11-09T19:23:28.2227198Z   Linux:   sudo apt install gcc-arm-linux-gnueabihf g++-arm-linux-gnueabihf
2025-11-09T19:23:28.2227914Z   macOS:   brew tap messense/macos-cross-toolchains
2025-11-09T19:23:28.2228462Z            brew install arm-unknown-linux-gnueabihf
2025-11-09T19:23:28.2229920Z CONFIGURATION: https://docs.platformio.org/page/boards/linux_arm/raspberrypi_4b.html
2025-11-09T19:23:28.2230782Z PLATFORM: Linux ARM (1.6.0) > Raspberry Pi 4 Model B
2025-11-09T19:23:28.2231339Z HARDWARE: BCM2711 1500MHz, 8GB RAM, 8GB Flash
2025-11-09T19:23:28.2241410Z LDF: Library Dependency Finder -> https://bit.ly/configure-pio-ldf
2025-11-09T19:23:28.2242107Z LDF Modes: Finder ~ chain, Compatibility ~ soft
2025-11-09T19:23:28.2243953Z Found 0 compatible libraries
2025-11-09T19:23:28.2244431Z Scanning dependencies...
2025-11-09T19:23:28.2260089Z No dependencies
2025-11-09T19:23:28.2273993Z Building in release mode
2025-11-09T19:23:28.2368981Z Compiling .pio/build/raspberrypi_4b/src/main.o
2025-11-09T19:23:28.2636112Z Linking .pio/build/raspberrypi_4b/program
2025-11-09T19:23:28.2850469Z Checking size .pio/build/raspberrypi_4b/program
2025-11-09T19:23:28.2872587Z Advanced Memory Usage is available via "PlatformIO Home > Project Inspect"
2025-11-09T19:23:28.2873275Z RAM:   [          ]   0.0% (used 324 bytes from 8589934592 bytes)
2025-11-09T19:23:28.2873814Z Flash: [          ]   0.0% (used 1875 bytes from 8589934592 bytes)
2025-11-09T19:23:28.3237300Z ========================= [SUCCESS] Took 0.33 seconds =========================
2025-11-09T19:23:28.3237754Z 
2025-11-09T19:23:28.3238376Z Processing raspberrypi_400 (platform: linux_arm; board: raspberrypi_400)
2025-11-09T19:23:28.3239225Z --------------------------------------------------------------------------------
2025-11-09T19:23:28.5481757Z Verbose mode can be enabled via `-v, --verbose` option
2025-11-09T19:23:28.5535819Z Cross-compiling for ARM Linux (ARMv7 32-bit)
2025-11-09T19:23:28.5536397Z Using toolchain prefix: arm-linux-gnueabihf-
2025-11-09T19:23:28.5536912Z Ensure toolchain is installed:
2025-11-09T19:23:28.5537508Z   Linux:   sudo apt install gcc-arm-linux-gnueabihf g++-arm-linux-gnueabihf
2025-11-09T19:23:28.5538220Z   macOS:   brew tap messense/macos-cross-toolchains
2025-11-09T19:23:28.5538777Z            brew install arm-unknown-linux-gnueabihf
2025-11-09T19:23:28.5539598Z CONFIGURATION: https://docs.platformio.org/page/boards/linux_arm/raspberrypi_400.html
2025-11-09T19:23:28.5540658Z PLATFORM: Linux ARM (1.6.0) > Raspberry Pi 400
2025-11-09T19:23:28.5541210Z HARDWARE: BCM2711 1800MHz, 4GB RAM, 4GB Flash
2025-11-09T19:23:28.5551346Z LDF: Library Dependency Finder -> https://bit.ly/configure-pio-ldf
2025-11-09T19:23:28.5552045Z LDF Modes: Finder ~ chain, Compatibility ~ soft
2025-11-09T19:23:28.5554045Z Found 0 compatible libraries
2025-11-09T19:23:28.5554467Z Scanning dependencies...
2025-11-09T19:23:28.5570477Z No dependencies
2025-11-09T19:23:28.5584423Z Building in release mode
2025-11-09T19:23:28.5678876Z Compiling .pio/build/raspberrypi_400/src/main.o
2025-11-09T19:23:28.5944530Z Linking .pio/build/raspberrypi_400/program
2025-11-09T19:23:28.6158360Z Checking size .pio/build/raspberrypi_400/program
2025-11-09T19:23:28.6180367Z Advanced Memory Usage is available via "PlatformIO Home > Project Inspect"
2025-11-09T19:23:28.6181096Z RAM:   [          ]   0.0% (used 324 bytes from 4294967296 bytes)
2025-11-09T19:23:28.6181666Z Flash: [          ]   0.0% (used 1875 bytes from 4294967296 bytes)
2025-11-09T19:23:28.6534996Z ========================= [SUCCESS] Took 0.33 seconds =========================
2025-11-09T19:23:28.6535398Z 
2025-11-09T19:23:28.6536186Z Processing raspberrypi_cm4 (platform: linux_arm; board: raspberrypi_cm4)
2025-11-09T19:23:28.6536892Z --------------------------------------------------------------------------------
2025-11-09T19:23:28.8780949Z Verbose mode can be enabled via `-v, --verbose` option
2025-11-09T19:23:28.8835766Z Cross-compiling for ARM Linux (ARMv7 32-bit)
2025-11-09T19:23:28.8836351Z Using toolchain prefix: arm-linux-gnueabihf-
2025-11-09T19:23:28.8836858Z Ensure toolchain is installed:
2025-11-09T19:23:28.8837462Z   Linux:   sudo apt install gcc-arm-linux-gnueabihf g++-arm-linux-gnueabihf
2025-11-09T19:23:28.8838170Z   macOS:   brew tap messense/macos-cross-toolchains
2025-11-09T19:23:28.8838718Z            brew install arm-unknown-linux-gnueabihf
2025-11-09T19:23:28.8840033Z CONFIGURATION: https://docs.platformio.org/page/boards/linux_arm/raspberrypi_cm4.html
2025-11-09T19:23:28.8840931Z PLATFORM: Linux ARM (1.6.0) > Raspberry Pi Compute Module 4
2025-11-09T19:23:28.8841524Z HARDWARE: BCM2711 1500MHz, 8GB RAM, 8GB Flash
2025-11-09T19:23:28.8851528Z LDF: Library Dependency Finder -> https://bit.ly/configure-pio-ldf
2025-11-09T19:23:28.8852229Z LDF Modes: Finder ~ chain, Compatibility ~ soft
2025-11-09T19:23:28.8854144Z Found 0 compatible libraries
2025-11-09T19:23:28.8854596Z Scanning dependencies...
2025-11-09T19:23:28.8870320Z No dependencies
2025-11-09T19:23:28.8884464Z Building in release mode
2025-11-09T19:23:28.8979275Z Compiling .pio/build/raspberrypi_cm4/src/main.o
2025-11-09T19:23:28.9241980Z Linking .pio/build/raspberrypi_cm4/program
2025-11-09T19:23:28.9455799Z Checking size .pio/build/raspberrypi_cm4/program
2025-11-09T19:23:28.9476789Z Advanced Memory Usage is available via "PlatformIO Home > Project Inspect"
2025-11-09T19:23:28.9477496Z RAM:   [          ]   0.0% (used 324 bytes from 8589934592 bytes)
2025-11-09T19:23:28.9478021Z Flash: [          ]   0.0% (used 1875 bytes from 8589934592 bytes)
2025-11-09T19:23:28.9836561Z ========================= [SUCCESS] Took 0.33 seconds =========================
2025-11-09T19:23:28.9836955Z 
2025-11-09T19:23:28.9837794Z Processing raspberrypi_zero2w (platform: linux_arm; board: raspberrypi_zero2w)
2025-11-09T19:23:28.9838532Z --------------------------------------------------------------------------------
2025-11-09T19:23:29.2060486Z Verbose mode can be enabled via `-v, --verbose` option
2025-11-09T19:23:29.2114549Z Cross-compiling for ARM Linux (ARMv7 32-bit)
2025-11-09T19:23:29.2115133Z Using toolchain prefix: arm-linux-gnueabihf-
2025-11-09T19:23:29.2115671Z Ensure toolchain is installed:
2025-11-09T19:23:29.2116316Z   Linux:   sudo apt install gcc-arm-linux-gnueabihf g++-arm-linux-gnueabihf
2025-11-09T19:23:29.2117067Z   macOS:   brew tap messense/macos-cross-toolchains
2025-11-09T19:23:29.2117684Z            brew install arm-unknown-linux-gnueabihf
2025-11-09T19:23:29.2118577Z CONFIGURATION: https://docs.platformio.org/page/boards/linux_arm/raspberrypi_zero2w.html
2025-11-09T19:23:29.2119494Z PLATFORM: Linux ARM (1.6.0) > Raspberry Pi Zero 2 W
2025-11-09T19:23:29.2120271Z HARDWARE: BCM2710 1000MHz, 512MB RAM, 512MB Flash
2025-11-09T19:23:29.2130157Z LDF: Library Dependency Finder -> https://bit.ly/configure-pio-ldf
2025-11-09T19:23:29.2130833Z LDF Modes: Finder ~ chain, Compatibility ~ soft
2025-11-09T19:23:29.2132950Z Found 0 compatible libraries
2025-11-09T19:23:29.2133370Z Scanning dependencies...
2025-11-09T19:23:29.2148953Z No dependencies
2025-11-09T19:23:29.2163383Z Building in release mode
2025-11-09T19:23:29.2259211Z Compiling .pio/build/raspberrypi_zero2w/src/main.o
2025-11-09T19:23:29.2523894Z Linking .pio/build/raspberrypi_zero2w/program
2025-11-09T19:23:29.2739417Z Checking size .pio/build/raspberrypi_zero2w/program
2025-11-09T19:23:29.2761771Z Advanced Memory Usage is available via "PlatformIO Home > Project Inspect"
2025-11-09T19:23:29.2762671Z RAM:   [          ]   0.0% (used 324 bytes from 536870912 bytes)
2025-11-09T19:23:29.2763361Z Flash: [          ]   0.0% (used 1875 bytes from 536870912 bytes)
2025-11-09T19:23:29.3129609Z ========================= [SUCCESS] Took 0.33 seconds =========================
2025-11-09T19:23:29.3130269Z 
2025-11-09T19:23:29.3136296Z Environment         Status    Duration
2025-11-09T19:23:29.3136755Z ------------------  --------  ------------
2025-11-09T19:23:29.3137194Z raspberrypi_3b      SUCCESS   00:00:02.736
2025-11-09T19:23:29.3137687Z raspberrypi_4b      SUCCESS   00:00:00.330
2025-11-09T19:23:29.3138120Z raspberrypi_400     SUCCESS   00:00:00.329
2025-11-09T19:23:29.3138574Z raspberrypi_cm4     SUCCESS   00:00:00.330
2025-11-09T19:23:29.3139083Z raspberrypi_zero2w  SUCCESS   00:00:00.329
2025-11-09T19:23:29.3139614Z ========================= 5 succeeded in 00:00:04.054 =========================
2025-11-09T19:23:29.3490227Z Post job cleanup.
2025-11-09T19:23:29.5084472Z Post job cleanup.
2025-11-09T19:23:29.6009978Z [command]/usr/bin/git version
2025-11-09T19:23:29.6044744Z git version 2.51.2
2025-11-09T19:23:29.6088688Z Temporarily overriding HOME='/home/runner/work/_temp/ed10df99-fd9d-49e5-9129-4f727278783f' before making global git config changes
2025-11-09T19:23:29.6090244Z Adding repository directory to the temporary git global config as a safe directory
2025-11-09T19:23:29.6102254Z [command]/usr/bin/git config --global --add safe.directory /home/runner/work/platform-linux_arm/platform-linux_arm
2025-11-09T19:23:29.6135509Z [command]/usr/bin/git config --local --name-only --get-regexp core\.sshCommand
2025-11-09T19:23:29.6166545Z [command]/usr/bin/git submodule foreach --recursive sh -c "git config --local --name-only --get-regexp 'core\.sshCommand' && git config --local --unset-all 'core.sshCommand' || :"
2025-11-09T19:23:29.6389071Z [command]/usr/bin/git config --local --name-only --get-regexp http\.https\:\/\/github\.com\/\.extraheader
2025-11-09T19:23:29.6409595Z http.https://github.com/.extraheader
2025-11-09T19:23:29.6422230Z [command]/usr/bin/git config --local --unset-all http.https://github.com/.extraheader
2025-11-09T19:23:29.6452238Z [command]/usr/bin/git submodule foreach --recursive sh -c "git config --local --name-only --get-regexp 'http\.https\:\/\/github\.com\/\.extraheader' && git config --local --unset-all 'http.https://github.com/.extraheader' || :"
2025-11-09T19:23:29.6775348Z Cleaning up orphan processes

